Archive member included to satisfy reference by file (symbol)

c:/program files (x86)/atmel/studio/7.0/toolchain/avr8/avr8-gnu-toolchain/bin/../lib/gcc/avr/5.4.0/avrxmega6\libgcc.a(_udivmodhi4.o)
                              src/xmega/drivers/usb/usb_device.o (__udivmodhi4)
c:/program files (x86)/atmel/studio/7.0/toolchain/avr8/avr8-gnu-toolchain/bin/../lib/gcc/avr/5.4.0/avrxmega6\libgcc.a(_udivmodsi4.o)
                              src/xmega/drivers/qdec/qdec.o (__udivmodsi4)
c:/program files (x86)/atmel/studio/7.0/toolchain/avr8/avr8-gnu-toolchain/bin/../lib/gcc/avr/5.4.0/avrxmega6\libgcc.a(_exit.o)
                              C:/Program Files (x86)/Atmel/Studio/7.0/Packs/atmel/XMEGAA_DFP/1.1.68/gcc/dev/atxmega128a3u/avrxmega6/crtatxmega128a3u.o (exit)
c:/program files (x86)/atmel/studio/7.0/toolchain/avr8/avr8-gnu-toolchain/bin/../lib/gcc/avr/5.4.0/avrxmega6\libgcc.a(_tablejump2.o)
                              src/xmega/drivers/qdec/qdec.o (__tablejump2__)
c:/program files (x86)/atmel/studio/7.0/toolchain/avr8/avr8-gnu-toolchain/bin/../lib/gcc/avr/5.4.0/avrxmega6\libgcc.a(_copy_data.o)
                              src/asf/common/services/sleepmgr/xmega/sleepmgr.o (__do_copy_data)
c:/program files (x86)/atmel/studio/7.0/toolchain/avr8/avr8-gnu-toolchain/bin/../lib/gcc/avr/5.4.0/avrxmega6\libgcc.a(_clear_bss.o)
                              src/xmega/drivers/adc/adc.o (__do_clear_bss)
c:/program files (x86)/atmel/studio/7.0/toolchain/avr8/avr8-gnu-toolchain/bin/../lib/gcc/avr/5.4.0/avrxmega6\libgcc.a(_umulhisi3.o)
                              src/xmega/drivers/qdec/qdec.o (__umulhisi3)
c:/program files (x86)/atmel/studio/7.0/toolchain/avr8/avr8-gnu-toolchain/bin/../lib/gcc/avr/5.4.0/avrxmega6\libgcc.a(_udivdi3.o)
                              src/xmega/drivers/qdec/qdec.o (__udivdi3)
c:/program files (x86)/atmel/studio/7.0/toolchain/avr8/avr8-gnu-toolchain/bin/../lib/gcc/avr/5.4.0/avrxmega6\libgcc.a(_udivmod64.o)
                              c:/program files (x86)/atmel/studio/7.0/toolchain/avr8/avr8-gnu-toolchain/bin/../lib/gcc/avr/5.4.0/avrxmega6\libgcc.a(_udivdi3.o) (__udivmod64)
c:/program files (x86)/atmel/studio/7.0/toolchain/avr8/avr8-gnu-toolchain/bin/../lib/gcc/avr/5.4.0/avrxmega6\libgcc.a(_ashldi3.o)
                              src/xmega/drivers/qdec/qdec.o (__ashldi3)
c:/program files (x86)/atmel/studio/7.0/toolchain/avr8/avr8-gnu-toolchain/bin/../lib/gcc/avr/5.4.0/avrxmega6\libgcc.a(_ashrdi3.o)
                              src/LEDDriver.o (__lshrdi3)
c:/program files (x86)/atmel/studio/7.0/toolchain/avr8/avr8-gnu-toolchain/bin/../lib/gcc/avr/5.4.0/avrxmega6\libgcc.a(_adddi3.o)
                              src/xmega/drivers/qdec/qdec.o (__adddi3)
c:/program files (x86)/atmel/studio/7.0/toolchain/avr8/avr8-gnu-toolchain/bin/../lib/gcc/avr/5.4.0/avrxmega6\libgcc.a(_subdi3.o)
                              src/xmega/drivers/qdec/qdec.o (__subdi3)
c:/program files (x86)/atmel/studio/7.0/toolchain/avr8/avr8-gnu-toolchain/bin/../lib/gcc/avr/5.4.0/avrxmega6\libgcc.a(_cmpdi2.o)
                              src/main.o (__cmpdi2)
c:/program files (x86)/atmel/studio/7.0/toolchain/avr8/avr8-gnu-toolchain/bin/../lib/gcc/avr/5.4.0/../../../../avr/lib/avrxmega6\libc.a(memcpy.o)
                              src/xmega/drivers/nvm/nvm.o (memcpy)
C:/Program Files (x86)/Atmel/Studio/7.0/Packs/atmel/XMEGAA_DFP/1.1.68/gcc/dev/atxmega128a3u/avrxmega6\libatxmega128a3u.a(eerd_byte.o)
                              src/main.o (eeprom_read_byte)
C:/Program Files (x86)/Atmel/Studio/7.0/Packs/atmel/XMEGAA_DFP/1.1.68/gcc/dev/atxmega128a3u/avrxmega6\libatxmega128a3u.a(eeupd_byte.o)
                              src/main.o (eeprom_update_byte)
C:/Program Files (x86)/Atmel/Studio/7.0/Packs/atmel/XMEGAA_DFP/1.1.68/gcc/dev/atxmega128a3u/avrxmega6\libatxmega128a3u.a(eewr_byte.o)
                              src/main.o (eeprom_write_byte)

Allocating common symbols
Common symbol       size              file

gConfig2            0x1e              src/main.o
gConfig1            0x1e              src/main.o
adcb_callback       0x2               src/xmega/drivers/adc/adc.o
udd_g_ctrlreq       0x10              src/xmega/drivers/usb/usb_device.o
sleepmgr_locks      0x6               src/asf/common/services/sleepmgr/xmega/sleepmgr.o
gConfig3            0x1e              src/main.o
adca_callback       0x2               src/xmega/drivers/adc/adc.o

Discarded input sections

 .data          0x00000000        0x0 C:/Program Files (x86)/Atmel/Studio/7.0/Packs/atmel/XMEGAA_DFP/1.1.68/gcc/dev/atxmega128a3u/avrxmega6/crtatxmega128a3u.o
 .bss           0x00000000        0x0 C:/Program Files (x86)/Atmel/Studio/7.0/Packs/atmel/XMEGAA_DFP/1.1.68/gcc/dev/atxmega128a3u/avrxmega6/crtatxmega128a3u.o
 .group         0x00000000        0x8 src/xmega/boards/xmega_a3bu_xplained/init.o
 .group         0x00000000        0x8 src/xmega/boards/xmega_a3bu_xplained/init.o
[...]
Memory Configuration

Name             Origin             Length             Attributes
text             0x00000000         0x00100000         xr
data             0x00802000         0x0000ffa0         rw !x
eeprom           0x00810000         0x00010000         rw !x
fuse             0x00820000         0x00000006         rw !x
lock             0x00830000         0x00000400         rw !x
signature        0x00840000         0x00000400         rw !x
user_signatures  0x00850000         0x00000400         rw !x
*default*        0x00000000         0xffffffff

Linker script and memory map

LOAD C:/Program Files (x86)/Atmel/Studio/7.0/Packs/atmel/XMEGAA_DFP/1.1.68/gcc/dev/atxmega128a3u/avrxmega6/crtatxmega128a3u.o
LOAD src/xmega/boards/xmega_a3bu_xplained/init.o
LOAD src/xmega/drivers/adc/adc.o
LOAD src/xmega/drivers/adc/xmega_aau/adc_aau.o
LOAD src/xmega/drivers/cpu/ccp.o
LOAD src/xmega/drivers/nvm/nvm.o
LOAD src/xmega/drivers/nvm/nvm_asm.o
LOAD src/xmega/drivers/qdec/qdec.o
LOAD src/xmega/drivers/tc/tc.o
LOAD src/xmega/drivers/twi/twim.o
LOAD src/xmega/drivers/twi/twis.o
LOAD src/xmega/drivers/usb/usb_device.o
LOAD src/asf/common/services/clock/xmega/sysclk.o
LOAD src/asf/common/services/ioport/xmega/ioport_compat.o
LOAD src/asf/common/services/sleepmgr/xmega/sleepmgr.o
LOAD src/asf/common/services/storage/ctrl_access/ctrl_access.o
LOAD src/asf/common/services/usb/class/composite/device/udi_composite_desc.o
LOAD src/asf/common/services/usb/class/hid/device/generic/udi_hid_generic.o
LOAD src/asf/common/services/usb/class/hid/device/joystick/udi_hid_joystick2.o
LOAD src/asf/common/services/usb/class/hid/device/kbd/udi_hid_kbd.o
LOAD src/asf/common/services/usb/class/hid/device/mouse/udi_hid_mouse.o
LOAD src/asf/common/services/usb/class/hid/device/udi_hid.o
LOAD src/asf/common/services/usb/udc/udc.o
LOAD src/MMA8453_Driver.o
LOAD src/I2C.o
LOAD src/asf/common/services/usb/class/hid/device/joystick/udi_hid_joystick.o
LOAD src/HowlerInit.o
LOAD src/LEDDriver.o
LOAD src/main.o
START GROUP
END GROUP
Address of section .BOOT set to 0x40000
START GROUP
LOAD c:/program files (x86)/atmel/studio/7.0/toolchain/avr8/avr8-gnu-toolchain/bin/../lib/gcc/avr/5.4.0/avrxmega6\libgcc.a
LOAD c:/program files (x86)/atmel/studio/7.0/toolchain/avr8/avr8-gnu-toolchain/bin/../lib/gcc/avr/5.4.0/../../../../avr/lib/avrxmega6\libm.a
LOAD c:/program files (x86)/atmel/studio/7.0/toolchain/avr8/avr8-gnu-toolchain/bin/../lib/gcc/avr/5.4.0/../../../../avr/lib/avrxmega6\libc.a
LOAD C:/Program Files (x86)/Atmel/Studio/7.0/Packs/atmel/XMEGAA_DFP/1.1.68/gcc/dev/atxmega128a3u/avrxmega6\libatxmega128a3u.a
END GROUP
                0x00100000                __TEXT_REGION_LENGTH__ = DEFINED (__TEXT_REGION_LENGTH__)?__TEXT_REGION_LENGTH__:0x100000
                0x0000ffa0                __DATA_REGION_LENGTH__ = DEFINED (__DATA_REGION_LENGTH__)?__DATA_REGION_LENGTH__:0xffa0
                0x00010000                __EEPROM_REGION_LENGTH__ = DEFINED (__EEPROM_REGION_LENGTH__)?__EEPROM_REGION_LENGTH__:0x10000
                [0x00000006]                __FUSE_REGION_LENGTH__ = DEFINED (__FUSE_REGION_LENGTH__)?__FUSE_REGION_LENGTH__:0x400
                0x00000400                __LOCK_REGION_LENGTH__ = DEFINED (__LOCK_REGION_LENGTH__)?__LOCK_REGION_LENGTH__:0x400
                0x00000400                __SIGNATURE_REGION_LENGTH__ = DEFINED (__SIGNATURE_REGION_LENGTH__)?__SIGNATURE_REGION_LENGTH__:0x400
                0x00000400                __USER_SIGNATURE_REGION_LENGTH__ = DEFINED (__USER_SIGNATURE_REGION_LENGTH__)?__USER_SIGNATURE_REGION_LENGTH__:0x400

.hash
 *(.hash)

.dynsym
 *(.dynsym)

.dynstr
 *(.dynstr)

.gnu.version
 *(.gnu.version)

.gnu.version_d
 *(.gnu.version_d)

.gnu.version_r
 *(.gnu.version_r)

.rel.init
 *(.rel.init)

.rela.init
 *(.rela.init)

.rel.text
 *(.rel.text)
 *(.rel.text.*)
 *(.rel.gnu.linkonce.t*)

.rela.text
 *(.rela.text)
 *(.rela.text.*)
 *(.rela.gnu.linkonce.t*)

.rel.fini
 *(.rel.fini)

.rela.fini
 *(.rela.fini)

.rel.rodata
 *(.rel.rodata)
 *(.rel.rodata.*)
 *(.rel.gnu.linkonce.r*)

.rela.rodata
 *(.rela.rodata)
 *(.rela.rodata.*)
 *(.rela.gnu.linkonce.r*)

.rel.data
 *(.rel.data)
 *(.rel.data.*)
 *(.rel.gnu.linkonce.d*)

.rela.data
 *(.rela.data)
 *(.rela.data.*)
 *(.rela.gnu.linkonce.d*)

.rel.ctors
 *(.rel.ctors)

.rela.ctors
 *(.rela.ctors)

.rel.dtors
 *(.rel.dtors)

.rela.dtors
 *(.rela.dtors)

.rel.got
 *(.rel.got)

.rela.got
 *(.rela.got)

.rel.bss
 *(.rel.bss)

.rela.bss
 *(.rela.bss)

.rel.plt
 *(.rel.plt)

.rela.plt
 *(.rela.plt)

.text           0x00000000     0x8902
 *(.vectors)
 .vectors       0x00000000      0x1fc C:/Program Files (x86)/Atmel/Studio/7.0/Packs/atmel/XMEGAA_DFP/1.1.68/gcc/dev/atxmega128a3u/avrxmega6/crtatxmega128a3u.o
                0x00000000                __vector_default
                0x00000000                __vectors
 *(.vectors)
 *(.progmem.gcc*)
 .progmem.gcc_sw_table.qdec_enabled
                0x000001fc        0xe src/xmega/drivers/qdec/qdec.o
 .progmem.gcc_sw_table.udd_ep_get_size
                0x0000020a        0xe src/xmega/drivers/usb/usb_device.o
 .progmem.gcc_sw_table.joyButtonPressed
                0x00000218       0x40 src/main.o
                0x00000258                . = ALIGN (0x2)
                0x00000258                __trampolines_start = .
 *(.trampolines)
 .trampolines   0x00000258        0x0 linker stubs
 *(.trampolines*)
                0x00000258                __trampolines_end = .
 *libprintf_flt.a:*(.progmem.data)
 *libc.a:*(.progmem.data)
 *(.progmem*)
                0x00000258                . = ALIGN (0x2)
 *(.jumptables)
 *(.jumptables*)
 *(.lowtext)
 *(.lowtext*)
                0x00000258                __ctors_start = .
 *(.ctors)
                0x00000258                __ctors_end = .
                0x00000258                __dtors_start = .
 *(.dtors)
                0x00000258                __dtors_end = .
 SORT(*)(.ctors)
 SORT(*)(.dtors)
 *(.init0)
 .init0         0x00000258        0x0 C:/Program Files (x86)/Atmel/Studio/7.0/Packs/atmel/XMEGAA_DFP/1.1.68/gcc/dev/atxmega128a3u/avrxmega6/crtatxmega128a3u.o
                0x00000258                __init
 *(.init0)
 *(.init1)
 *(.init1)
 *(.init2)
 .init2         0x00000258       0x10 C:/Program Files (x86)/Atmel/Studio/7.0/Packs/atmel/XMEGAA_DFP/1.1.68/gcc/dev/atxmega128a3u/avrxmega6/crtatxmega128a3u.o
 *(.init2)
 *(.init3)
 *(.init3)
 *(.init4)
 .init4         0x00000268       0x1a c:/program files (x86)/atmel/studio/7.0/toolchain/avr8/avr8-gnu-toolchain/bin/../lib/gcc/avr/5.4.0/avrxmega6\libgcc.a(_copy_data.o)
                0x00000268                __do_copy_data
 .init4         0x00000282       0x10 c:/program files (x86)/atmel/studio/7.0/toolchain/avr8/avr8-gnu-toolchain/bin/../lib/gcc/avr/5.4.0/avrxmega6\libgcc.a(_clear_bss.o)
                0x00000282                __do_clear_bss
 *(.init4)
 *(.init5)
 *(.init5)
 *(.init6)
 *(.init6)
 *(.init7)
 *(.init7)
 *(.init8)
 *(.init8)
 *(.init9)
 .init9         0x00000292        0x8 C:/Program Files (x86)/Atmel/Studio/7.0/Packs/atmel/XMEGAA_DFP/1.1.68/gcc/dev/atxmega128a3u/avrxmega6/crtatxmega128a3u.o
 *(.init9)
 *(.text)
 .text          0x0000029a        0x2 C:/Program Files (x86)/Atmel/Studio/7.0/Packs/atmel/XMEGAA_DFP/1.1.68/gcc/dev/atxmega128a3u/avrxmega6/crtatxmega128a3u.o
                0x0000029a                __vector_38
                0x0000029a                __vector_104
                0x0000029a                __vector_63
                0x0000029a                __vector_28
                0x0000029a                __vector_67
                0x0000029a                __vector_1
                0x0000029a                __vector_119
                0x0000029a                __vector_32
                0x0000029a                __vector_75
                0x0000029a                __vector_91
                0x0000029a                __vector_34
                0x0000029a                __vector_62
                0x0000029a                __vector_102
                0x0000029a                __vector_24
                0x0000029a                __vector_12
                0x0000029a                __vector_69
                0x0000029a                __vector_90
                0x0000029a                __bad_interrupt
                0x0000029a                __vector_122
                0x0000029a                __vector_114
                0x0000029a                __vector_6
                0x0000029a                __vector_31
                0x0000029a                __vector_92
                0x0000029a                __vector_35
                0x0000029a                __vector_117
                0x0000029a                __vector_107
                0x0000029a                __vector_3
                0x0000029a                __vector_105
                0x0000029a                __vector_98
                0x0000029a                __vector_68
                0x0000029a                __vector_30
                0x0000029a                __vector_45
                0x0000029a                __vector_25
                0x0000029a                __vector_93
                0x0000029a                __vector_61
                0x0000029a                __vector_11
                0x0000029a                __vector_99
                0x0000029a                __vector_7
                0x0000029a                __vector_123
                0x0000029a                __vector_100
                0x0000029a                __vector_101
                0x0000029a                __vector_64
                0x0000029a                __vector_88
                0x0000029a                __vector_43
                0x0000029a                __vector_27
                0x0000029a                __vector_5
                0x0000029a                __vector_33
                0x0000029a                __vector_76
                0x0000029a                __vector_115
                0x0000029a                __vector_37
                0x0000029a                __vector_95
                0x0000029a                __vector_103
                0x0000029a                __vector_96
                0x0000029a                __vector_89
                0x0000029a                __vector_4
                0x0000029a                __vector_44
                0x0000029a                __vector_106
                0x0000029a                __vector_118
                0x0000029a                __vector_9
                0x0000029a                __vector_2
                0x0000029a                __vector_66
                0x0000029a                __vector_36
                0x0000029a                __vector_58
                0x0000029a                __vector_70
                0x0000029a                __vector_29
                0x0000029a                __vector_60
                0x0000029a                __vector_121
                0x0000029a                __vector_94
                0x0000029a                __vector_8
                0x0000029a                __vector_26
                0x0000029a                __vector_124
                0x0000029a                __vector_116
                0x0000029a                __vector_57
                0x0000029a                __vector_10
                0x0000029a                __vector_59
                0x0000029a                __vector_97
                0x0000029a                __vector_87
                0x0000029a                __vector_65
                0x0000029a                __vector_120
                0x0000029c                . = ALIGN (0x2)
 *(.text.*)
 .text.adc_set_callback
                0x0000029c       0x2c src/xmega/drivers/adc/adc.o
                0x0000029c                adc_set_callback
 .text.adc_enable_clock
                0x000002c8       0x46 src/xmega/drivers/adc/adc.o
                0x000002c8                adc_enable_clock
 .text.adc_disable_clock
                0x0000030e       0x42 src/xmega/drivers/adc/adc.o
                0x0000030e                adc_disable_clock
 .text.adc_enable
                0x00000350       0x2e src/xmega/drivers/adc/adc.o
                0x00000350                adc_enable
 .text.__vector_71
                0x0000037e       0x64 src/xmega/drivers/adc/xmega_aau/adc_aau.o
                0x0000037e                __vector_71
 .text.__vector_72
                0x000003e2       0x64 src/xmega/drivers/adc/xmega_aau/adc_aau.o
                0x000003e2                __vector_72
 .text.__vector_73
                0x00000446       0x64 src/xmega/drivers/adc/xmega_aau/adc_aau.o
                0x00000446                __vector_73
 .text.__vector_74
                0x000004aa       0x64 src/xmega/drivers/adc/xmega_aau/adc_aau.o
                0x000004aa                __vector_74
 .text.__vector_39
                0x0000050e       0x64 src/xmega/drivers/adc/xmega_aau/adc_aau.o
                0x0000050e                __vector_39
 .text.__vector_40
                0x00000572       0x64 src/xmega/drivers/adc/xmega_aau/adc_aau.o
                0x00000572                __vector_40
 .text.__vector_41
                0x000005d6       0x64 src/xmega/drivers/adc/xmega_aau/adc_aau.o
                0x000005d6                __vector_41
 .text.__vector_42
                0x0000063a       0x64 src/xmega/drivers/adc/xmega_aau/adc_aau.o
                0x0000063a                __vector_42
 .text.adc_write_configuration
                0x0000069e       0xa0 src/xmega/drivers/adc/xmega_aau/adc_aau.o
                0x0000069e                adc_write_configuration
 .text.adc_read_configuration
                0x0000073e       0x46 src/xmega/drivers/adc/xmega_aau/adc_aau.o
                0x0000073e                adc_read_configuration
 .text.adcch_write_configuration
                0x00000784       0x72 src/xmega/drivers/adc/xmega_aau/adc_aau.o
                0x00000784                adcch_write_configuration
 .text.adcch_read_configuration
                0x000007f6       0x72 src/xmega/drivers/adc/xmega_aau/adc_aau.o
                0x000007f6                adcch_read_configuration
 .text.ccp_write_io
                0x00000868        0xc src/xmega/drivers/cpu/ccp.o
                0x00000868                ccp_write_io
 .text.nvm_read_byte
                0x00000874       0x14 src/xmega/drivers/nvm/nvm_asm.o
                0x00000874                nvm_read_byte
 .text.qdec_evsys_pin_2_chmux
                0x00000888       0x40 src/xmega/drivers/qdec/qdec.o
 .text.qdec_get_config_defaults
                0x000008c8       0x4c src/xmega/drivers/qdec/qdec.o
                0x000008c8                qdec_get_config_defaults
 .text.qdec_config_phase_pins
                0x00000914       0x18 src/xmega/drivers/qdec/qdec.o
                0x00000914                qdec_config_phase_pins
 .text.qdec_config_disable_index_pin
                0x0000092c        0x6 src/xmega/drivers/qdec/qdec.o
                0x0000092c                qdec_config_disable_index_pin
 .text.qdec_config_event_channel
                0x00000932        0x6 src/xmega/drivers/qdec/qdec.o
                0x00000932                qdec_config_event_channel
 .text.qdec_config_tc
                0x00000938        0x8 src/xmega/drivers/qdec/qdec.o
                0x00000938                qdec_config_tc
 .text.qdec_config_revolution
                0x00000940        0x8 src/xmega/drivers/qdec/qdec.o
                0x00000940                qdec_config_revolution
 .text.qdec_config_enable_freq
                0x00000948       0x10 src/xmega/drivers/qdec/qdec.o
                0x00000948                qdec_config_enable_freq
 .text.qdec_config_freq_event_channel
                0x00000958        0x6 src/xmega/drivers/qdec/qdec.o
                0x00000958                qdec_config_freq_event_channel
 .text.qdec_config_freq_tc
                0x0000095e        0x8 src/xmega/drivers/qdec/qdec.o
                0x0000095e                qdec_config_freq_tc
 .text.qdec_enabled
                0x00000966      0x412 src/xmega/drivers/qdec/qdec.o
                0x00000966                qdec_enabled
 .text.qdec_get_position
                0x00000d78       0x10 src/xmega/drivers/qdec/qdec.o
                0x00000d78                qdec_get_position
 .text.qdec_get_direction
                0x00000d88       0x12 src/xmega/drivers/qdec/qdec.o
                0x00000d88                qdec_get_direction
 .text.qdec_get_frequency
                0x00000d9a       0x5a src/xmega/drivers/qdec/qdec.o
                0x00000d9a                qdec_get_frequency
 .text.__vector_14
                0x00000df4       0x5a src/xmega/drivers/tc/tc.o
                0x00000df4                __vector_14
 .text.__vector_15
                0x00000e4e       0x5a src/xmega/drivers/tc/tc.o
                0x00000e4e                __vector_15
 .text.__vector_16
                0x00000ea8       0x5a src/xmega/drivers/tc/tc.o
                0x00000ea8                __vector_16
 .text.__vector_17
                0x00000f02       0x5a src/xmega/drivers/tc/tc.o
                0x00000f02                __vector_17
 .text.__vector_18
                0x00000f5c       0x5a src/xmega/drivers/tc/tc.o
                0x00000f5c                __vector_18
 .text.__vector_19
                0x00000fb6       0x5a src/xmega/drivers/tc/tc.o
                0x00000fb6                __vector_19
 .text.__vector_20
                0x00001010       0x5a src/xmega/drivers/tc/tc.o
                0x00001010                __vector_20
 .text.__vector_21
                0x0000106a       0x5a src/xmega/drivers/tc/tc.o
                0x0000106a                __vector_21
 .text.__vector_22
                0x000010c4       0x5a src/xmega/drivers/tc/tc.o
                0x000010c4                __vector_22
 .text.__vector_23
                0x0000111e       0x5a src/xmega/drivers/tc/tc.o
                0x0000111e                __vector_23
 .text.__vector_77
                0x00001178       0x5a src/xmega/drivers/tc/tc.o
                0x00001178                __vector_77
 .text.__vector_78
                0x000011d2       0x5a src/xmega/drivers/tc/tc.o
                0x000011d2                __vector_78
 .text.__vector_79
                0x0000122c       0x5a src/xmega/drivers/tc/tc.o
                0x0000122c                __vector_79
 .text.__vector_80
                0x00001286       0x5a src/xmega/drivers/tc/tc.o
                0x00001286                __vector_80
 .text.__vector_81
                0x000012e0       0x5a src/xmega/drivers/tc/tc.o
                0x000012e0                __vector_81
 .text.__vector_82
                0x0000133a       0x5a src/xmega/drivers/tc/tc.o
                0x0000133a                __vector_82
 .text.__vector_83
                0x00001394       0x5a src/xmega/drivers/tc/tc.o
                0x00001394                __vector_83
 .text.__vector_84
                0x000013ee       0x5a src/xmega/drivers/tc/tc.o
                0x000013ee                __vector_84
 .text.__vector_85
                0x00001448       0x5a src/xmega/drivers/tc/tc.o
                0x00001448                __vector_85
 .text.__vector_86
                0x000014a2       0x5a src/xmega/drivers/tc/tc.o
                0x000014a2                __vector_86
 .text.__vector_47
                0x000014fc       0x5a src/xmega/drivers/tc/tc.o
                0x000014fc                __vector_47
 .text.__vector_48
                0x00001556       0x5a src/xmega/drivers/tc/tc.o
                0x00001556                __vector_48
 .text.__vector_49
                0x000015b0       0x5a src/xmega/drivers/tc/tc.o
                0x000015b0                __vector_49
 .text.__vector_50
                0x0000160a       0x5a src/xmega/drivers/tc/tc.o
                0x0000160a                __vector_50
 .text.__vector_51
                0x00001664       0x5a src/xmega/drivers/tc/tc.o
                0x00001664                __vector_51
 .text.__vector_52
                0x000016be       0x5a src/xmega/drivers/tc/tc.o
                0x000016be                __vector_52
 .text.__vector_53
                0x00001718       0x5a src/xmega/drivers/tc/tc.o
                0x00001718                __vector_53
 .text.__vector_54
                0x00001772       0x5a src/xmega/drivers/tc/tc.o
                0x00001772                __vector_54
 .text.__vector_55
                0x000017cc       0x5a src/xmega/drivers/tc/tc.o
                0x000017cc                __vector_55
 .text.__vector_56
                0x00001826       0x5a src/xmega/drivers/tc/tc.o
                0x00001826                __vector_56
 .text.__vector_108
                0x00001880       0x5a src/xmega/drivers/tc/tc.o
                0x00001880                __vector_108
 .text.__vector_109
                0x000018da       0x5a src/xmega/drivers/tc/tc.o
                0x000018da                __vector_109
 .text.__vector_110
                0x00001934       0x5a src/xmega/drivers/tc/tc.o
                0x00001934                __vector_110
 .text.__vector_111
                0x0000198e       0x5a src/xmega/drivers/tc/tc.o
                0x0000198e                __vector_111
 .text.__vector_112
                0x000019e8       0x5a src/xmega/drivers/tc/tc.o
                0x000019e8                __vector_112
 .text.__vector_113
                0x00001a42       0x5a src/xmega/drivers/tc/tc.o
                0x00001a42                __vector_113
 .text.tc_enable
                0x00001a9c       0xf4 src/xmega/drivers/tc/tc.o
                0x00001a9c                tc_enable
 .text.twim_interrupt_handler
                0x00001b90      0x14e src/xmega/drivers/twi/twim.o
 .text.__vector_13
                0x00001cde       0x4e src/xmega/drivers/twi/twim.o
                0x00001cde                __vector_13
 .text.__vector_46
                0x00001d2c       0x4e src/xmega/drivers/twi/twim.o
                0x00001d2c                __vector_46
 .text.twi_master_init
                0x00001d7a       0x2e src/xmega/drivers/twi/twim.o
                0x00001d7a                twi_master_init
 .text.twi_master_transfer
                0x00001da8       0xc6 src/xmega/drivers/twi/twim.o
                0x00001da8                twi_master_transfer
 .text.udd_sleep_mode
                0x00001e6e       0x3e src/xmega/drivers/usb/usb_device.o
 .text.udd_ctrl_init
                0x00001eac       0x52 src/xmega/drivers/usb/usb_device.o
 .text.udd_ctrl_stall_data
                0x00001efe       0x22 src/xmega/drivers/usb/usb_device.o
 .text.udd_ctrl_send_zlp_in
                0x00001f20       0x22 src/xmega/drivers/usb/usb_device.o
 .text.udd_ctrl_endofrequest
                0x00001f42       0x10 src/xmega/drivers/usb/usb_device.o
 .text.udd_ctrl_in_sent
                0x00001f52       0xe2 src/xmega/drivers/usb/usb_device.o
 .text.udd_ep_get_size
                0x00002034       0x52 src/xmega/drivers/usb/usb_device.o
 .text.udd_ep_get_job
                0x00002086       0x36 src/xmega/drivers/usb/usb_device.o
 .text.udd_ctrl_interrupt_tc_setup
                0x000020bc       0xf0 src/xmega/drivers/usb/usb_device.o
 .text.udd_ep_trans_complet
                0x000021ac      0x30a src/xmega/drivers/usb/usb_device.o
 .text.udd_enable
                0x000024b6       0xec src/xmega/drivers/usb/usb_device.o
                0x000024b6                udd_enable
 .text.udd_disable
                0x000025a2       0x32 src/xmega/drivers/usb/usb_device.o
                0x000025a2                udd_disable
 .text.udd_attach
                0x000025d4       0x46 src/xmega/drivers/usb/usb_device.o
                0x000025d4                udd_attach
 .text.udd_set_address
                0x0000261a        0x6 src/xmega/drivers/usb/usb_device.o
                0x0000261a                udd_set_address
 .text.udd_getaddress
                0x00002620        0x6 src/xmega/drivers/usb/usb_device.o
                0x00002620                udd_getaddress
 .text.udd_set_setup_payload
                0x00002626        0xe src/xmega/drivers/usb/usb_device.o
                0x00002626                udd_set_setup_payload
 .text.udd_ep_alloc
                0x00002634       0xfc src/xmega/drivers/usb/usb_device.o
                0x00002634                udd_ep_alloc
 .text.udd_ep_is_halted
                0x00002730       0x36 src/xmega/drivers/usb/usb_device.o
                0x00002730                udd_ep_is_halted
 .text.udd_ep_clear_halt
                0x00002766       0x6a src/xmega/drivers/usb/usb_device.o
                0x00002766                udd_ep_clear_halt
 .text.udd_ep_run
                0x000027d0      0x17c src/xmega/drivers/usb/usb_device.o
                0x000027d0                udd_ep_run
 .text.udd_ep_abort
                0x0000294c       0xa0 src/xmega/drivers/usb/usb_device.o
                0x0000294c                udd_ep_abort
 .text.udd_ep_free
                0x000029ec       0x38 src/xmega/drivers/usb/usb_device.o
                0x000029ec                udd_ep_free
 .text.udd_ep_set_halt
                0x00002a24       0x4e src/xmega/drivers/usb/usb_device.o
                0x00002a24                udd_ep_set_halt
 .text.__vector_125
                0x00002a72      0x188 src/xmega/drivers/usb/usb_device.o
                0x00002a72                __vector_125
 .text.__vector_126
                0x00002bfa      0x1f2 src/xmega/drivers/usb/usb_device.o
                0x00002bfa                __vector_126
 .text.sysclk_init
                0x00002dec       0xe8 src/asf/common/services/clock/xmega/sysclk.o
                0x00002dec                sysclk_init
 .text.sysclk_enable_module
                0x00002ed4       0x16 src/asf/common/services/clock/xmega/sysclk.o
                0x00002ed4                sysclk_enable_module
 .text.sysclk_disable_module
                0x00002eea       0x14 src/asf/common/services/clock/xmega/sysclk.o
                0x00002eea                sysclk_disable_module
 .text.sysclk_enable_usb
                0x00002efe       0x72 src/asf/common/services/clock/xmega/sysclk.o
                0x00002efe                sysclk_enable_usb
 .text.sysclk_disable_usb
                0x00002f70       0x14 src/asf/common/services/clock/xmega/sysclk.o
                0x00002f70                sysclk_disable_usb
 .text.ioport_configure_port_pin
                0x00002f84       0x4e src/asf/common/services/ioport/xmega/ioport_compat.o
                0x00002f84                ioport_configure_port_pin
 .text.udi_hid_generic_disable
                0x00002fd2        0x2 src/asf/common/services/usb/class/hid/device/generic/udi_hid_generic.o
                0x00002fd2                udi_hid_generic_disable
 .text.udi_hid_generic_getsetting
                0x00002fd4        0x4 src/asf/common/services/usb/class/hid/device/generic/udi_hid_generic.o
                0x00002fd4                udi_hid_generic_getsetting
 .text.udi_hid_generic_setreport
                0x00002fd8       0x4c src/asf/common/services/usb/class/hid/device/generic/udi_hid_generic.o
 .text.udi_hid_generic_report_in_sent
                0x00003024        0x8 src/asf/common/services/usb/class/hid/device/generic/udi_hid_generic.o
 .text.udi_hid_generic_report_out_enable
                0x0000302c       0x1c src/asf/common/services/usb/class/hid/device/generic/udi_hid_generic.o
 .text.udi_hid_generic_enable
                0x00003048       0x12 src/asf/common/services/usb/class/hid/device/generic/udi_hid_generic.o
                0x00003048                udi_hid_generic_enable
 .text.udi_hid_generic_report_out_received
                0x0000305a       0x16 src/asf/common/services/usb/class/hid/device/generic/udi_hid_generic.o
 .text.udi_hid_generic_setup
                0x00003070       0x14 src/asf/common/services/usb/class/hid/device/generic/udi_hid_generic.o
                0x00003070                udi_hid_generic_setup
 .text.udi_hid_generic_setfeature_valid
                0x00003084       0x16 src/asf/common/services/usb/class/hid/device/generic/udi_hid_generic.o
 .text.udi_hid_generic_send_report_in
                0x0000309a       0x58 src/asf/common/services/usb/class/hid/device/generic/udi_hid_generic.o
                0x0000309a                udi_hid_generic_send_report_in
 .text.udi_hid_joystick2_disable
                0x000030f2        0x2 src/asf/common/services/usb/class/hid/device/joystick/udi_hid_joystick2.o
                0x000030f2                udi_hid_joystick2_disable
 .text.udi_hid_joystick2_getsetting
                0x000030f4        0x4 src/asf/common/services/usb/class/hid/device/joystick/udi_hid_joystick2.o
                0x000030f4                udi_hid_joystick2_getsetting
 .text.udi_hid_joystick2_setreport
                0x000030f8        0x4 src/asf/common/services/usb/class/hid/device/joystick/udi_hid_joystick2.o
 .text.udi_hid_joystick2_enable
                0x000030fc       0x22 src/asf/common/services/usb/class/hid/device/joystick/udi_hid_joystick2.o
                0x000030fc                udi_hid_joystick2_enable
 .text.udi_hid_joystick2_setup
                0x0000311e       0x14 src/asf/common/services/usb/class/hid/device/joystick/udi_hid_joystick2.o
                0x0000311e                udi_hid_joystick2_setup
 .text.udi_hid_joystick2_send_report
                0x00003132       0x42 src/asf/common/services/usb/class/hid/device/joystick/udi_hid_joystick2.o
 .text.udi_hid_joystick2_report_sent
                0x00003174        0xe src/asf/common/services/usb/class/hid/device/joystick/udi_hid_joystick2.o
 .text.send_joystick2_report
                0x00003182       0x26 src/asf/common/services/usb/class/hid/device/joystick/udi_hid_joystick2.o
                0x00003182                send_joystick2_report
 .text.udi_hid_kbd_disable
                0x000031a8        0x2 src/asf/common/services/usb/class/hid/device/kbd/udi_hid_kbd.o
                0x000031a8                udi_hid_kbd_disable
 .text.udi_hid_kbd_getsetting
                0x000031aa        0x4 src/asf/common/services/usb/class/hid/device/kbd/udi_hid_kbd.o
                0x000031aa                udi_hid_kbd_getsetting
 .text.udi_hid_kbd_setreport
                0x000031ae       0x4a src/asf/common/services/usb/class/hid/device/kbd/udi_hid_kbd.o
 .text.udi_hid_kbd_setreport_valid
                0x000031f8        0x2 src/asf/common/services/usb/class/hid/device/kbd/udi_hid_kbd.o
 .text.udi_hid_kbd_enable
                0x000031fa       0x22 src/asf/common/services/usb/class/hid/device/kbd/udi_hid_kbd.o
                0x000031fa                udi_hid_kbd_enable
 .text.udi_hid_kbd_setup
                0x0000321c       0x14 src/asf/common/services/usb/class/hid/device/kbd/udi_hid_kbd.o
                0x0000321c                udi_hid_kbd_setup
 .text.udi_hid_kbd_send_report
                0x00003230       0x42 src/asf/common/services/usb/class/hid/device/kbd/udi_hid_kbd.o
 .text.udi_hid_kbd_report_sent
                0x00003272        0xe src/asf/common/services/usb/class/hid/device/kbd/udi_hid_kbd.o
 .text.udi_hid_kbd_modifier_up
                0x00003280       0x22 src/asf/common/services/usb/class/hid/device/kbd/udi_hid_kbd.o
                0x00003280                udi_hid_kbd_modifier_up
 .text.udi_hid_kbd_modifier_down
                0x000032a2       0x20 src/asf/common/services/usb/class/hid/device/kbd/udi_hid_kbd.o
                0x000032a2                udi_hid_kbd_modifier_down
 .text.udi_hid_kbd_up
                0x000032c2       0x64 src/asf/common/services/usb/class/hid/device/kbd/udi_hid_kbd.o
                0x000032c2                udi_hid_kbd_up
 .text.udi_hid_kbd_down
                0x00003326       0x54 src/asf/common/services/usb/class/hid/device/kbd/udi_hid_kbd.o
                0x00003326                udi_hid_kbd_down
 .text.udi_hid_mouse_disable
                0x0000337a        0x2 src/asf/common/services/usb/class/hid/device/mouse/udi_hid_mouse.o
                0x0000337a                udi_hid_mouse_disable
 .text.udi_hid_mouse_getsetting
                0x0000337c        0x4 src/asf/common/services/usb/class/hid/device/mouse/udi_hid_mouse.o
                0x0000337c                udi_hid_mouse_getsetting
 .text.udi_hid_mouse_setreport
                0x00003380        0x4 src/asf/common/services/usb/class/hid/device/mouse/udi_hid_mouse.o
 .text.udi_hid_mouse_enable
                0x00003384       0x22 src/asf/common/services/usb/class/hid/device/mouse/udi_hid_mouse.o
                0x00003384                udi_hid_mouse_enable
 .text.udi_hid_mouse_setup
                0x000033a6       0x14 src/asf/common/services/usb/class/hid/device/mouse/udi_hid_mouse.o
                0x000033a6                udi_hid_mouse_setup
 .text.udi_hid_mouse_send_report
                0x000033ba       0x5e src/asf/common/services/usb/class/hid/device/mouse/udi_hid_mouse.o
 .text.udi_hid_mouse_move
                0x00003418       0x48 src/asf/common/services/usb/class/hid/device/mouse/udi_hid_mouse.o
 .text.udi_hid_mouse_btn
                0x00003460       0x24 src/asf/common/services/usb/class/hid/device/mouse/udi_hid_mouse.o
 .text.udi_hid_mouse_report_sent
                0x00003484        0xe src/asf/common/services/usb/class/hid/device/mouse/udi_hid_mouse.o
 .text.udi_hid_mouse_moveScroll
                0x00003492        0x6 src/asf/common/services/usb/class/hid/device/mouse/udi_hid_mouse.o
                0x00003492                udi_hid_mouse_moveScroll
 .text.udi_hid_mouse_moveY
                0x00003498        0x6 src/asf/common/services/usb/class/hid/device/mouse/udi_hid_mouse.o
                0x00003498                udi_hid_mouse_moveY
 .text.udi_hid_mouse_moveX
                0x0000349e        0x6 src/asf/common/services/usb/class/hid/device/mouse/udi_hid_mouse.o
                0x0000349e                udi_hid_mouse_moveX
 .text.udi_hid_mouse_btnmiddle
                0x000034a4        0x6 src/asf/common/services/usb/class/hid/device/mouse/udi_hid_mouse.o
                0x000034a4                udi_hid_mouse_btnmiddle
 .text.udi_hid_mouse_btnright
                0x000034aa        0x6 src/asf/common/services/usb/class/hid/device/mouse/udi_hid_mouse.o
                0x000034aa                udi_hid_mouse_btnright
 .text.udi_hid_mouse_btnleft
                0x000034b0        0x6 src/asf/common/services/usb/class/hid/device/mouse/udi_hid_mouse.o
                0x000034b0                udi_hid_mouse_btnleft
 .text.udi_hid_setup
                0x000034b6      0x136 src/asf/common/services/usb/class/hid/device/udi_hid.o
                0x000034b6                udi_hid_setup
 .text.udc_next_desc_in_iface
                0x000035ec       0x6a src/asf/common/services/usb/udc/udc.o
 .text.udc_valid_address
                0x00003656        0xc src/asf/common/services/usb/udc/udc.o
 .text.udc_update_iface_desc
                0x00003662       0x74 src/asf/common/services/usb/udc/udc.o
 .text.udc_iface_disable
                0x000036d6       0x82 src/asf/common/services/usb/udc/udc.o
 .text.udc_iface_enable
                0x00003758       0x66 src/asf/common/services/usb/udc/udc.o
 .text.udc_get_interface_desc
                0x000037be        0xa src/asf/common/services/usb/udc/udc.o
                0x000037be                udc_get_interface_desc
 .text.udc_start
                0x000037c8        0x6 src/asf/common/services/usb/udc/udc.o
                0x000037c8                udc_start
 .text.udc_reset
                0x000037ce       0x4a src/asf/common/services/usb/udc/udc.o
                0x000037ce                udc_reset
 .text.udc_stop
                0x00003818        0x8 src/asf/common/services/usb/udc/udc.o
                0x00003818                udc_stop
 .text.udc_sof_notify
                0x00003820       0x60 src/asf/common/services/usb/udc/udc.o
                0x00003820                udc_sof_notify
 .text.udc_process_setup
                0x00003880      0x4c2 src/asf/common/services/usb/udc/udc.o
                0x00003880                udc_process_setup
 .text.MMA8453_Init
                0x00003d42       0x1a src/MMA8453_Driver.o
                0x00003d42                MMA8453_Init
 .text.MMA8453_Read_Output
                0x00003d5c       0x4c src/MMA8453_Driver.o
                0x00003d5c                MMA8453_Read_Output
 .text.MMA8453_Read_XYZ
                0x00003da8       0x3c src/MMA8453_Driver.o
                0x00003da8                MMA8453_Read_XYZ
 .text.I2C_Init
                0x00003de4       0x52 src/I2C.o
                0x00003de4                I2C_Init
 .text.readI2C  0x00003e36       0x6c src/I2C.o
                0x00003e36                readI2C
 .text.readI2CPacket
                0x00003ea2       0x5c src/I2C.o
                0x00003ea2                readI2CPacket
 .text.writeI2C
                0x00003efe       0x5a src/I2C.o
                0x00003efe                writeI2C
 .text.writeI2CPacket
                0x00003f58       0x56 src/I2C.o
                0x00003f58                writeI2CPacket
 .text.udi_hid_joystick_disable
                0x00003fae        0x2 src/asf/common/services/usb/class/hid/device/joystick/udi_hid_joystick.o
                0x00003fae                udi_hid_joystick_disable
 .text.udi_hid_joystick_getsetting
                0x00003fb0        0x4 src/asf/common/services/usb/class/hid/device/joystick/udi_hid_joystick.o
                0x00003fb0                udi_hid_joystick_getsetting
 .text.udi_hid_joystick_setreport
                0x00003fb4        0x4 src/asf/common/services/usb/class/hid/device/joystick/udi_hid_joystick.o
 .text.udi_hid_joystick_enable
                0x00003fb8       0x22 src/asf/common/services/usb/class/hid/device/joystick/udi_hid_joystick.o
                0x00003fb8                udi_hid_joystick_enable
 .text.udi_hid_joystick_setup
                0x00003fda       0x14 src/asf/common/services/usb/class/hid/device/joystick/udi_hid_joystick.o
                0x00003fda                udi_hid_joystick_setup
 .text.udi_hid_joystick_send_report
                0x00003fee       0x44 src/asf/common/services/usb/class/hid/device/joystick/udi_hid_joystick.o
 .text.udi_hid_joystick_report_sent
                0x00004032        0xe src/asf/common/services/usb/class/hid/device/joystick/udi_hid_joystick.o
 .text.send_joystick_report
                0x00004040       0x26 src/asf/common/services/usb/class/hid/device/joystick/udi_hid_joystick.o
                0x00004040                send_joystick_report
 .text.Howler_Init
                0x00004066      0x282 src/HowlerInit.o
                0x00004066                Howler_Init
 .text.LED_Drivers_Init
                0x000042e8      0x152 src/LEDDriver.o
                0x000042e8                LED_Drivers_Init
 .text.setLED   0x0000443a        0xa src/LEDDriver.o
                0x0000443a                setLED
 .text.setLEDBank
                0x00004444       0x48 src/LEDDriver.o
                0x00004444                setLEDBank
 .text.getLED   0x0000448c       0x30 src/LEDDriver.o
                0x0000448c                getLED
 .text.setLEDglobalbrightness
                0x000044bc       0x38 src/LEDDriver.o
                0x000044bc                setLEDglobalbrightness
 .text.adc_handler
                0x000044f4       0x6e src/main.o
 .text.checkJoystickUp
                0x00004562      0x202 src/main.o
                0x00004562                checkJoystickUp
 .text.checkButtonUp
                0x00004764      0x202 src/main.o
                0x00004764                checkButtonUp
 .text.joyButtonPressed
                0x00004966      0x102 src/main.o
                0x00004966                joyButtonPressed
 .text.checkJoystickDown
                0x00004a68      0x25c src/main.o
                0x00004a68                checkJoystickDown
 .text.checkButtonDown
                0x00004cc4      0x222 src/main.o
                0x00004cc4                checkButtonDown
 .text.user_callback_sof_action
                0x00004ee6      0xc30 src/main.o
                0x00004ee6                user_callback_sof_action
 .text.setLeds  0x00005b16      0x6c2 src/main.o
                0x00005b16                setLeds
 .text.setLedDefaults
                0x000061d8      0x3c2 src/main.o
                0x000061d8                setLedDefaults
 .text.setInputDefaults
                0x0000659a      0x634 src/main.o
                0x0000659a                setInputDefaults
 .text.parseHidReport
                0x00006bce     0x1708 src/main.o
                0x00006bce                parseHidReport
 .text.main     0x000082d6      0x3a4 src/main.o
                0x000082d6                main
 .text.main_hid_set_feature
                0x0000867a       0x20 src/main.o
                0x0000867a                main_hid_set_feature
 .text.usb_generic_hid_out
                0x0000869a       0x1c src/main.o
                0x0000869a                usb_generic_hid_out
 .text.libgcc.div
                0x000086b6       0x28 c:/program files (x86)/atmel/studio/7.0/toolchain/avr8/avr8-gnu-toolchain/bin/../lib/gcc/avr/5.4.0/avrxmega6\libgcc.a(_udivmodhi4.o)
                0x000086b6                __udivmodhi4
 .text.libgcc.div
                0x000086de       0x44 c:/program files (x86)/atmel/studio/7.0/toolchain/avr8/avr8-gnu-toolchain/bin/../lib/gcc/avr/5.4.0/avrxmega6\libgcc.a(_udivmodsi4.o)
                0x000086de                __udivmodsi4
 .text.libgcc   0x00008722       0x10 c:/program files (x86)/atmel/studio/7.0/toolchain/avr8/avr8-gnu-toolchain/bin/../lib/gcc/avr/5.4.0/avrxmega6\libgcc.a(_tablejump2.o)
                0x00008722                __tablejump2__
 .text.libgcc.mul
                0x00008732       0x1e c:/program files (x86)/atmel/studio/7.0/toolchain/avr8/avr8-gnu-toolchain/bin/../lib/gcc/avr/5.4.0/avrxmega6\libgcc.a(_umulhisi3.o)
                0x00008732                __umulhisi3
 .text.libgcc.div
                0x00008750       0x1a c:/program files (x86)/atmel/studio/7.0/toolchain/avr8/avr8-gnu-toolchain/bin/../lib/gcc/avr/5.4.0/avrxmega6\libgcc.a(_udivdi3.o)
                0x00008750                __umoddi3
                0x00008754                __udivdi3
                0x00008756                __udivdi3_umoddi3
 .text.libgcc.div
                0x0000876a       0xa2 c:/program files (x86)/atmel/studio/7.0/toolchain/avr8/avr8-gnu-toolchain/bin/../lib/gcc/avr/5.4.0/avrxmega6\libgcc.a(_udivmod64.o)
                0x0000876a                __udivmod64
 .text.libgcc.builtins
                0x0000880c       0x32 c:/program files (x86)/atmel/studio/7.0/toolchain/avr8/avr8-gnu-toolchain/bin/../lib/gcc/avr/5.4.0/avrxmega6\libgcc.a(_ashldi3.o)
                0x0000880c                __ashldi3
 .text.libgcc   0x0000883e       0x12 c:/program files (x86)/atmel/studio/7.0/toolchain/avr8/avr8-gnu-toolchain/bin/../lib/gcc/avr/5.4.0/avrxmega6\libgcc.a(_adddi3.o)
                0x0000883e                __adddi3
 .text.libgcc   0x00008850       0x12 c:/program files (x86)/atmel/studio/7.0/toolchain/avr8/avr8-gnu-toolchain/bin/../lib/gcc/avr/5.4.0/avrxmega6\libgcc.a(_subdi3.o)
                0x00008850                __subdi3
 .text.libgcc   0x00008862       0x12 c:/program files (x86)/atmel/studio/7.0/toolchain/avr8/avr8-gnu-toolchain/bin/../lib/gcc/avr/5.4.0/avrxmega6\libgcc.a(_cmpdi2.o)
                0x00008862                __cmpdi2
 .text.avr-libc
                0x00008874       0x12 c:/program files (x86)/atmel/studio/7.0/toolchain/avr8/avr8-gnu-toolchain/bin/../lib/gcc/avr/5.4.0/../../../../avr/lib/avrxmega6\libc.a(memcpy.o)
                0x00008874                memcpy
 .text.avr-libc
                0x00008886       0x20 C:/Program Files (x86)/Atmel/Studio/7.0/Packs/atmel/XMEGAA_DFP/1.1.68/gcc/dev/atxmega128a3u/avrxmega6\libatxmega128a3u.a(eerd_byte.o)
                0x00008886                eeprom_read_byte
                0x0000888e                eeprom_mapen
 .text.avr-libc
                0x000088a6       0x12 C:/Program Files (x86)/Atmel/Studio/7.0/Packs/atmel/XMEGAA_DFP/1.1.68/gcc/dev/atxmega128a3u/avrxmega6\libatxmega128a3u.a(eeupd_byte.o)
                0x000088a6                eeprom_update_byte
                0x000088a8                eeprom_update_r18
 .text.avr-libc
                0x000088b8       0x46 C:/Program Files (x86)/Atmel/Studio/7.0/Packs/atmel/XMEGAA_DFP/1.1.68/gcc/dev/atxmega128a3u/avrxmega6\libatxmega128a3u.a(eewr_byte.o)
                0x000088b8                eeprom_write_byte
                0x000088ba                eeprom_write_r18
                0x000088fe                . = ALIGN (0x2)
 *(.fini9)
 .fini9         0x000088fe        0x0 c:/program files (x86)/atmel/studio/7.0/toolchain/avr8/avr8-gnu-toolchain/bin/../lib/gcc/avr/5.4.0/avrxmega6\libgcc.a(_exit.o)
                0x000088fe                _exit
                0x000088fe                exit
 *(.fini9)
 *(.fini8)
 *(.fini8)
 *(.fini7)
 *(.fini7)
 *(.fini6)
 *(.fini6)
 *(.fini5)
 *(.fini5)
 *(.fini4)
 *(.fini4)
 *(.fini3)
 *(.fini3)
 *(.fini2)
 *(.fini2)
 *(.fini1)
 *(.fini1)
 *(.fini0)
 .fini0         0x000088fe        0x4 c:/program files (x86)/atmel/studio/7.0/toolchain/avr8/avr8-gnu-toolchain/bin/../lib/gcc/avr/5.4.0/avrxmega6\libgcc.a(_exit.o)
 *(.fini0)
                0x00008902                _etext = .

.data           0x00802000      0x5c2 load address 0x00008902
                0x00802000                PROVIDE (__data_start, .)
 *(.data)
 *(.data*)
 .data.udc_config
                0x00802000        0x4 src/asf/common/services/usb/class/composite/device/udi_composite_desc.o
                0x00802000                udc_config
 .data.udc_config_lsfs
                0x00802004        0x4 src/asf/common/services/usb/class/composite/device/udi_composite_desc.o
                0x00802004                udc_config_lsfs
 .data.udi_apis
                0x00802008        0xa src/asf/common/services/usb/class/composite/device/udi_composite_desc.o
                0x00802008                udi_apis
 .data.udc_desc_fs
                0x00802012       0x8e src/asf/common/services/usb/class/composite/device/udi_composite_desc.o
                0x00802012                udc_desc_fs
 .data.udc_device_desc
                0x008020a0       0x12 src/asf/common/services/usb/class/composite/device/udi_composite_desc.o
                0x008020a0                udc_device_desc
 .data.udi_hid_generic_report_desc
                0x008020b2       0x35 src/asf/common/services/usb/class/hid/device/generic/udi_hid_generic.o
                0x008020b2                udi_hid_generic_report_desc
 .data.udi_api_hid_generic
                0x008020e7        0xa src/asf/common/services/usb/class/hid/device/generic/udi_hid_generic.o
                0x008020e7                udi_api_hid_generic
 .data.udi_hid_joystick2_report_desc
                0x008020f1       0x4a src/asf/common/services/usb/class/hid/device/joystick/udi_hid_joystick2.o
                0x008020f1                udi_hid_joystick2_report_desc
 .data.udi_api_hid_joystick2
                0x0080213b        0xa src/asf/common/services/usb/class/hid/device/joystick/udi_hid_joystick2.o
                0x0080213b                udi_api_hid_joystick2
 .data.udi_hid_kbd_report_desc
                0x00802145       0x3b src/asf/common/services/usb/class/hid/device/kbd/udi_hid_kbd.o
                0x00802145                udi_hid_kbd_report_desc
 .data.udi_api_hid_kbd
                0x00802180        0xa src/asf/common/services/usb/class/hid/device/kbd/udi_hid_kbd.o
                0x00802180                udi_api_hid_kbd
 .data.udi_hid_mouse_report_desc
                0x0080218a       0x34 src/asf/common/services/usb/class/hid/device/mouse/udi_hid_mouse.o
                0x0080218a                udi_hid_mouse_report_desc
 .data.udi_api_hid_mouse
                0x008021be        0xa src/asf/common/services/usb/class/hid/device/mouse/udi_hid_mouse.o
                0x008021be                udi_api_hid_mouse
 .data.udc_string_desc
                0x008021c8       0x24 src/asf/common/services/usb/udc/udc.o
 .data.udc_string_product_name
                0x008021ec       0x12 src/asf/common/services/usb/udc/udc.o
 .data.udc_string_manufacturer_name
                0x008021fe        0xe src/asf/common/services/usb/udc/udc.o
 .data.udc_string_desc_languageid
                0x0080220c        0x4 src/asf/common/services/usb/udc/udc.o
 .data.udi_hid_joystick_report_desc
                0x00802210       0x4a src/asf/common/services/usb/class/hid/device/joystick/udi_hid_joystick.o
                0x00802210                udi_hid_joystick_report_desc
 .data.udi_api_hid_joystick
                0x0080225a        0xa src/asf/common/services/usb/class/hid/device/joystick/udi_hid_joystick.o
                0x0080225a                udi_api_hid_joystick
 .data.eeprom_ledb_look_up
                0x00802264       0x40 src/main.o
                0x00802264                eeprom_ledb_look_up
 .data.eeprom_ledg_look_up
                0x008022a4       0x40 src/main.o
                0x008022a4                eeprom_ledg_look_up
 .data.eeprom_ledr_look_up
                0x008022e4       0x40 src/main.o
                0x008022e4                eeprom_ledr_look_up
 .data.eeprom_input_type_look_up
                0x00802324       0x5a src/main.o
                0x00802324                eeprom_input_type_look_up
 .data.eeprom_input_value2_look_up
                0x0080237e       0x5a src/main.o
                0x0080237e                eeprom_input_value2_look_up
 .data.eeprom_input_value_look_up
                0x008023d8       0x5a src/main.o
                0x008023d8                eeprom_input_value_look_up
 .data.led_look_up
                0x00802432       0xc0 src/main.o
                0x00802432                led_look_up
 .data.ledb_look_up
                0x008024f2       0x40 src/main.o
                0x008024f2                ledb_look_up
 .data.ledg_look_up
                0x00802532       0x40 src/main.o
                0x00802532                ledg_look_up
 .data.ledr_look_up
                0x00802572       0x40 src/main.o
                0x00802572                ledr_look_up
 *(.gnu.linkonce.d*)
 *(.rodata)
 .rodata        0x008025b2        0x9 src/I2C.o
 *(.rodata*)
 .rodata.str1.1
                0x008025bb        0x7 src/asf/common/services/usb/udc/udc.o
 *(.gnu.linkonce.r*)
                0x008025c2                . = ALIGN (0x2)
                0x008025c2                _edata = .
                0x008025c2                PROVIDE (__data_end, .)

.bss            0x008025c2      0x4e7
                0x008025c2                PROVIDE (__bss_start, .)
 *(.bss)
 *(.bss*)
 .bss.adcb_enable_count
                0x008025c2        0x1 src/xmega/drivers/adc/adc.o
 .bss.adca_enable_count
                0x008025c3        0x1 src/xmega/drivers/adc/adc.o
 .bss.tc_tcf0_ccd_callback
                0x008025c4        0x2 src/xmega/drivers/tc/tc.o
 .bss.tc_tcf0_ccc_callback
                0x008025c6        0x2 src/xmega/drivers/tc/tc.o
 .bss.tc_tcf0_ccb_callback
                0x008025c8        0x2 src/xmega/drivers/tc/tc.o
 .bss.tc_tcf0_cca_callback
                0x008025ca        0x2 src/xmega/drivers/tc/tc.o
 .bss.tc_tcf0_err_callback
                0x008025cc        0x2 src/xmega/drivers/tc/tc.o
 .bss.tc_tcf0_ovf_callback
                0x008025ce        0x2 src/xmega/drivers/tc/tc.o
 .bss.tc_tce1_ccb_callback
                0x008025d0        0x2 src/xmega/drivers/tc/tc.o
 .bss.tc_tce1_cca_callback
                0x008025d2        0x2 src/xmega/drivers/tc/tc.o
 .bss.tc_tce1_err_callback
                0x008025d4        0x2 src/xmega/drivers/tc/tc.o
 .bss.tc_tce1_ovf_callback
                0x008025d6        0x2 src/xmega/drivers/tc/tc.o
 .bss.tc_tce0_ccd_callback
                0x008025d8        0x2 src/xmega/drivers/tc/tc.o
 .bss.tc_tce0_ccc_callback
                0x008025da        0x2 src/xmega/drivers/tc/tc.o
 .bss.tc_tce0_ccb_callback
                0x008025dc        0x2 src/xmega/drivers/tc/tc.o
 .bss.tc_tce0_cca_callback
                0x008025de        0x2 src/xmega/drivers/tc/tc.o
 .bss.tc_tce0_err_callback
                0x008025e0        0x2 src/xmega/drivers/tc/tc.o
 .bss.tc_tce0_ovf_callback
                0x008025e2        0x2 src/xmega/drivers/tc/tc.o
 .bss.tc_tcd1_ccb_callback
                0x008025e4        0x2 src/xmega/drivers/tc/tc.o
 .bss.tc_tcd1_cca_callback
                0x008025e6        0x2 src/xmega/drivers/tc/tc.o
 .bss.tc_tcd1_err_callback
                0x008025e8        0x2 src/xmega/drivers/tc/tc.o
 .bss.tc_tcd1_ovf_callback
                0x008025ea        0x2 src/xmega/drivers/tc/tc.o
 .bss.tc_tcd0_ccd_callback
                0x008025ec        0x2 src/xmega/drivers/tc/tc.o
 .bss.tc_tcd0_ccc_callback
                0x008025ee        0x2 src/xmega/drivers/tc/tc.o
 .bss.tc_tcd0_ccb_callback
                0x008025f0        0x2 src/xmega/drivers/tc/tc.o
 .bss.tc_tcd0_cca_callback
                0x008025f2        0x2 src/xmega/drivers/tc/tc.o
 .bss.tc_tcd0_err_callback
                0x008025f4        0x2 src/xmega/drivers/tc/tc.o
 .bss.tc_tcd0_ovf_callback
                0x008025f6        0x2 src/xmega/drivers/tc/tc.o
 .bss.tc_tcc1_ccb_callback
                0x008025f8        0x2 src/xmega/drivers/tc/tc.o
 .bss.tc_tcc1_cca_callback
                0x008025fa        0x2 src/xmega/drivers/tc/tc.o
 .bss.tc_tcc1_err_callback
                0x008025fc        0x2 src/xmega/drivers/tc/tc.o
 .bss.tc_tcc1_ovf_callback
                0x008025fe        0x2 src/xmega/drivers/tc/tc.o
 .bss.tc_tcc0_ccd_callback
                0x00802600        0x2 src/xmega/drivers/tc/tc.o
 .bss.tc_tcc0_ccc_callback
                0x00802602        0x2 src/xmega/drivers/tc/tc.o
 .bss.tc_tcc0_ccb_callback
                0x00802604        0x2 src/xmega/drivers/tc/tc.o
 .bss.tc_tcc0_cca_callback
                0x00802606        0x2 src/xmega/drivers/tc/tc.o
 .bss.tc_tcc0_err_callback
                0x00802608        0x2 src/xmega/drivers/tc/tc.o
 .bss.tc_tcc0_ovf_callback
                0x0080260a        0x2 src/xmega/drivers/tc/tc.o
 .bss.transfer  0x0080260c        0xc src/xmega/drivers/twi/twim.o
 .bss.b_shortpacket.5533
                0x00802618        0x1 src/xmega/drivers/usb/usb_device.o
 .bss.udd_ep_out_cache_buffer
                0x00802619      0x180 src/xmega/drivers/usb/usb_device.o
 .bss.udd_ep_job
                0x00802799       0x6c src/xmega/drivers/usb/usb_device.o
 .bss.udd_ctrl_buffer
                0x00802805        0x8 src/xmega/drivers/usb/usb_device.o
 .bss.udd_ctrl_payload_nb_trans
                0x0080280d        0x2 src/xmega/drivers/usb/usb_device.o
 .bss.udd_ctrl_prev_payload_nb_trans
                0x0080280f        0x2 src/xmega/drivers/usb/usb_device.o
 .bss.udd_ep_control_state
                0x00802811        0x2 src/xmega/drivers/usb/usb_device.o
 *fill*         0x00802813        0x1 
 .bss.udd_sram  0x00802814       0x90 src/xmega/drivers/usb/usb_device.o
 .bss.udd_b_idle
                0x008028a4        0x1 src/xmega/drivers/usb/usb_device.o
 *fill*         0x008028a5        0x1 
 .bss.udi_hid_generic_report_feature
                0x008028a6        0x4 src/asf/common/services/usb/class/hid/device/generic/udi_hid_generic.o
 .bss.udi_hid_generic_report_out
                0x008028aa       0x18 src/asf/common/services/usb/class/hid/device/generic/udi_hid_generic.o
 .bss.udi_hid_generic_report_in
                0x008028c2       0x18 src/asf/common/services/usb/class/hid/device/generic/udi_hid_generic.o
 .bss.udi_hid_generic_b_report_in_free
                0x008028da        0x1 src/asf/common/services/usb/class/hid/device/generic/udi_hid_generic.o
 .bss.udi_hid_generic_protocol
                0x008028db        0x1 src/asf/common/services/usb/class/hid/device/generic/udi_hid_generic.o
 .bss.udi_hid_generic_rate
                0x008028dc        0x1 src/asf/common/services/usb/class/hid/device/generic/udi_hid_generic.o
 *fill*         0x008028dd        0x1 
 .bss.udi_hid_joystick2_report_trans
                0x008028de        0xc src/asf/common/services/usb/class/hid/device/joystick/udi_hid_joystick2.o
 .bss.udi_hid_joystick2_report_trans_ongoing
                0x008028ea        0x1 src/asf/common/services/usb/class/hid/device/joystick/udi_hid_joystick2.o
 .bss.udi_hid_joystick2_report
                0x008028eb        0xc src/asf/common/services/usb/class/hid/device/joystick/udi_hid_joystick2.o
 .bss.udi_hid_joystick2_b_report_valid
                0x008028f7        0x1 src/asf/common/services/usb/class/hid/device/joystick/udi_hid_joystick2.o
 .bss.udi_hid_joystick2_protocol
                0x008028f8        0x1 src/asf/common/services/usb/class/hid/device/joystick/udi_hid_joystick2.o
 .bss.udi_hid_joystick2_rate
                0x008028f9        0x1 src/asf/common/services/usb/class/hid/device/joystick/udi_hid_joystick2.o
 .bss.udi_hid_kbd_report_trans
                0x008028fa        0x8 src/asf/common/services/usb/class/hid/device/kbd/udi_hid_kbd.o
 .bss.udi_hid_kbd_b_report_trans_ongoing
                0x00802902        0x1 src/asf/common/services/usb/class/hid/device/kbd/udi_hid_kbd.o
 .bss.udi_hid_kbd_report
                0x00802903        0x8 src/asf/common/services/usb/class/hid/device/kbd/udi_hid_kbd.o
 .bss.udi_hid_kbd_b_report_valid
                0x0080290b        0x1 src/asf/common/services/usb/class/hid/device/kbd/udi_hid_kbd.o
 .bss.udi_hid_kbd_report_set
                0x0080290c        0x1 src/asf/common/services/usb/class/hid/device/kbd/udi_hid_kbd.o
 .bss.udi_hid_kbd_protocol
                0x0080290d        0x1 src/asf/common/services/usb/class/hid/device/kbd/udi_hid_kbd.o
 .bss.udi_hid_kbd_rate
                0x0080290e        0x1 src/asf/common/services/usb/class/hid/device/kbd/udi_hid_kbd.o
 *fill*         0x0080290f        0x1 
 .bss.udi_hid_mouse_report_trans
                0x00802910        0x4 src/asf/common/services/usb/class/hid/device/mouse/udi_hid_mouse.o
 .bss.udi_hid_mouse_report_trans_ongoing
                0x00802914        0x1 src/asf/common/services/usb/class/hid/device/mouse/udi_hid_mouse.o
 .bss.udi_hid_mouse_report
                0x00802915        0x4 src/asf/common/services/usb/class/hid/device/mouse/udi_hid_mouse.o
 .bss.udi_hid_mouse_b_report_valid
                0x00802919        0x1 src/asf/common/services/usb/class/hid/device/mouse/udi_hid_mouse.o
 .bss.udi_hid_mouse_protocol
                0x0080291a        0x1 src/asf/common/services/usb/class/hid/device/mouse/udi_hid_mouse.o
 .bss.udi_hid_mouse_rate
                0x0080291b        0x1 src/asf/common/services/usb/class/hid/device/mouse/udi_hid_mouse.o
 .bss.udc_ep_status.4821
                0x0080291c        0x2 src/asf/common/services/usb/udc/udc.o
 .bss.udc_iface_setting.4880
                0x0080291e        0x1 src/asf/common/services/usb/udc/udc.o
 .bss.udc_ptr_iface
                0x0080291f        0x2 src/asf/common/services/usb/udc/udc.o
 .bss.udc_ptr_conf
                0x00802921        0x2 src/asf/common/services/usb/udc/udc.o
 .bss.udc_num_configuration
                0x00802923        0x1 src/asf/common/services/usb/udc/udc.o
 .bss.udc_device_status
                0x00802924        0x2 src/asf/common/services/usb/udc/udc.o
 .bss.udi_hid_joystick_report_trans
                0x00802926        0xc src/asf/common/services/usb/class/hid/device/joystick/udi_hid_joystick.o
 .bss.udi_hid_joystick_report_trans_ongoing
                0x00802932        0x1 src/asf/common/services/usb/class/hid/device/joystick/udi_hid_joystick.o
 .bss.udi_hid_joystick_report
                0x00802933        0xc src/asf/common/services/usb/class/hid/device/joystick/udi_hid_joystick.o
 .bss.udi_hid_joystick_b_report_valid
                0x0080293f        0x1 src/asf/common/services/usb/class/hid/device/joystick/udi_hid_joystick.o
 .bss.udi_hid_joystick_protocol
                0x00802940        0x1 src/asf/common/services/usb/class/hid/device/joystick/udi_hid_joystick.o
 .bss.udi_hid_joystick_rate
                0x00802941        0x1 src/asf/common/services/usb/class/hid/device/joystick/udi_hid_joystick.o
 .bss.gAccelMaxTrig
                0x00802942        0x3 src/main.o
                0x00802942                gAccelMaxTrig
 .bss.gAccelMinTrig
                0x00802945        0x3 src/main.o
                0x00802945                gAccelMinTrig
 .bss.gAccelData
                0x00802948        0x3 src/main.o
                0x00802948                gAccelData
 .bss.gTestTimer
                0x0080294b        0x2 src/main.o
                0x0080294b                gTestTimer
 .bss.gCopCountdown
                0x0080294d        0x2 src/main.o
                0x0080294d                gCopCountdown
 .bss.gHidData  0x0080294f        0x1 src/main.o
                0x0080294f                gHidData
 .bss.gReport   0x00802950       0x18 src/main.o
                0x00802950                gReport
 .bss.gJoy1_r_ana_val
                0x00802968        0x2 src/main.o
                0x00802968                gJoy1_r_ana_val
 .bss.gJoy1_l_ana_val
                0x0080296a        0x2 src/main.o
                0x0080296a                gJoy1_l_ana_val
 .bss.gJoy1_d_ana_val
                0x0080296c        0x2 src/main.o
                0x0080296c                gJoy1_d_ana_val
 .bss.gJoy1_u_ana_val
                0x0080296e        0x2 src/main.o
                0x0080296e                gJoy1_u_ana_val
 .bss.gQdec3_prev_pos
                0x00802970        0x2 src/main.o
                0x00802970                gQdec3_prev_pos
 .bss.gQdec2_prev_pos
                0x00802972        0x2 src/main.o
                0x00802972                gQdec2_prev_pos
 .bss.gQdec1_prev_pos
                0x00802974        0x2 src/main.o
                0x00802974                gQdec1_prev_pos
 .bss.input_value2_lookup
                0x00802976       0x2d src/main.o
                0x00802976                input_value2_lookup
 .bss.input_value_lookup
                0x008029a3       0x2d src/main.o
                0x008029a3                input_value_lookup
 .bss.input_type_lookup
                0x008029d0       0x2d src/main.o
                0x008029d0                input_type_lookup
 .bss.gJoy2Buf  0x008029fd        0xc src/main.o
                0x008029fd                gJoy2Buf
 .bss.gJoy1Buf  0x00802a09        0xc src/main.o
                0x00802a09                gJoy1Buf
 .bss.gKeyPressed
                0x00802a15        0x8 src/main.o
 .bss.howler_hid_report
                0x00802a1d       0x18 src/main.o
 *(COMMON)
 COMMON         0x00802a35        0x4 src/xmega/drivers/adc/adc.o
                0x00802a35                adcb_callback
                0x00802a37                adca_callback
 COMMON         0x00802a39       0x10 src/xmega/drivers/usb/usb_device.o
                0x00802a39                udd_g_ctrlreq
 COMMON         0x00802a49        0x6 src/asf/common/services/sleepmgr/xmega/sleepmgr.o
                0x00802a49                sleepmgr_locks
 COMMON         0x00802a4f       0x5a src/main.o
                0x00802a4f                gConfig2
                0x00802a6d                gConfig1
                0x00802a8b                gConfig3
                0x00802aa9                PROVIDE (__bss_end, .)
                0x00008902                __data_load_start = LOADADDR (.data)
                0x00008ec4                __data_load_end = (__data_load_start + SIZEOF (.data))

.noinit         0x00802aa9        0x0
                [!provide]                PROVIDE (__noinit_start, .)
 *(.noinit*)
                [!provide]                PROVIDE (__noinit_end, .)
                0x00802aa9                _end = .
                [!provide]                PROVIDE (__heap_start, .)

.eeprom         0x00810000        0x0
 *(.eeprom*)
                0x00810000                __eeprom_end = .

.fuse
 *(.fuse)
 *(.lfuse)
 *(.hfuse)
 *(.efuse)

.lock
 *(.lock*)

.signature
 *(.signature*)

.user_signatures
 *(.user_signatures*)

.stab
 *(.stab)

.stabstr
 *(.stabstr)

.stab.excl
 *(.stab.excl)

.stab.exclstr
 *(.stab.exclstr)

.stab.index
 *(.stab.index)

.stab.indexstr
 *(.stab.indexstr)

.comment        0x00000000       0x30
 *(.comment)
 .comment       0x00000000       0x30 src/xmega/drivers/adc/adc.o
                                 0x31 (size before relaxing)
 .comment       0x00000030       0x31 src/xmega/drivers/adc/xmega_aau/adc_aau.o
 .comment       0x00000030       0x31 src/xmega/drivers/qdec/qdec.o
 .comment       0x00000030       0x31 src/xmega/drivers/tc/tc.o
 .comment       0x00000030       0x31 src/xmega/drivers/twi/twim.o
 .comment       0x00000030       0x31 src/xmega/drivers/usb/usb_device.o
 .comment       0x00000030       0x31 src/asf/common/services/clock/xmega/sysclk.o
 .comment       0x00000030       0x31 src/asf/common/services/ioport/xmega/ioport_compat.o
 .comment       0x00000030       0x31 src/asf/common/services/sleepmgr/xmega/sleepmgr.o
 .comment       0x00000030       0x31 src/asf/common/services/usb/class/composite/device/udi_composite_desc.o
 .comment       0x00000030       0x31 src/asf/common/services/usb/class/hid/device/generic/udi_hid_generic.o
 .comment       0x00000030       0x31 src/asf/common/services/usb/class/hid/device/joystick/udi_hid_joystick2.o
 .comment       0x00000030       0x31 src/asf/common/services/usb/class/hid/device/kbd/udi_hid_kbd.o
 .comment       0x00000030       0x31 src/asf/common/services/usb/class/hid/device/mouse/udi_hid_mouse.o
 .comment       0x00000030       0x31 src/asf/common/services/usb/class/hid/device/udi_hid.o
 .comment       0x00000030       0x31 src/asf/common/services/usb/udc/udc.o
 .comment       0x00000030       0x31 src/MMA8453_Driver.o
 .comment       0x00000030       0x31 src/I2C.o
 .comment       0x00000030       0x31 src/asf/common/services/usb/class/hid/device/joystick/udi_hid_joystick.o
 .comment       0x00000030       0x31 src/HowlerInit.o
 .comment       0x00000030       0x31 src/LEDDriver.o
 .comment       0x00000030       0x31 src/main.o

.note.gnu.avr.deviceinfo
                0x00000000       0x40
 .note.gnu.avr.deviceinfo
                0x00000000       0x40 C:/Program Files (x86)/Atmel/Studio/7.0/Packs/atmel/XMEGAA_DFP/1.1.68/gcc/dev/atxmega128a3u/avrxmega6/crtatxmega128a3u.o

.note.gnu.build-id
 *(.note.gnu.build-id)

.debug
 *(.debug)

.line
 *(.line)

.debug_srcinfo
 *(.debug_srcinfo)

.debug_sfnames
 *(.debug_sfnames)

.debug_aranges  0x00000000      0x978
 *(.debug_aranges)
 .debug_aranges
                0x00000000       0x48 src/xmega/drivers/adc/adc.o
 .debug_aranges
                0x00000048       0x78 src/xmega/drivers/adc/xmega_aau/adc_aau.o
 .debug_aranges
                0x000000c0       0x20 src/xmega/drivers/cpu/ccp.o
 .debug_aranges
                0x000000e0       0x28 src/xmega/drivers/nvm/nvm_asm.o
 .debug_aranges
                0x00000108       0x98 src/xmega/drivers/qdec/qdec.o
 .debug_aranges
                0x000001a0      0x178 src/xmega/drivers/tc/tc.o
 .debug_aranges
                0x00000318       0x40 src/xmega/drivers/twi/twim.o
 .debug_aranges
                0x00000358      0x120 src/xmega/drivers/usb/usb_device.o
 .debug_aranges
                0x00000478       0x40 src/asf/common/services/clock/xmega/sysclk.o
 .debug_aranges
                0x000004b8       0x20 src/asf/common/services/ioport/xmega/ioport_compat.o
 .debug_aranges
                0x000004d8       0x18 src/asf/common/services/sleepmgr/xmega/sleepmgr.o
 .debug_aranges
                0x000004f0       0x18 src/asf/common/services/usb/class/composite/device/udi_composite_desc.o
 .debug_aranges
                0x00000508       0x68 src/asf/common/services/usb/class/hid/device/generic/udi_hid_generic.o
 .debug_aranges
                0x00000570       0x58 src/asf/common/services/usb/class/hid/device/joystick/udi_hid_joystick2.o
 .debug_aranges
                0x000005c8       0x78 src/asf/common/services/usb/class/hid/device/kbd/udi_hid_kbd.o
 .debug_aranges
                0x00000640       0x90 src/asf/common/services/usb/class/hid/device/mouse/udi_hid_mouse.o
 .debug_aranges
                0x000006d0       0x20 src/asf/common/services/usb/class/hid/device/udi_hid.o
 .debug_aranges
                0x000006f0       0x70 src/asf/common/services/usb/udc/udc.o
 .debug_aranges
                0x00000760       0x30 src/MMA8453_Driver.o
 .debug_aranges
                0x00000790       0x40 src/I2C.o
 .debug_aranges
                0x000007d0       0x58 src/asf/common/services/usb/class/hid/device/joystick/udi_hid_joystick.o
 .debug_aranges
                0x00000828       0x20 src/HowlerInit.o
 .debug_aranges
                0x00000848       0x48 src/LEDDriver.o
 .debug_aranges
                0x00000890       0x88 src/main.o
 .debug_aranges
                0x00000918       0x20 C:/Program Files (x86)/Atmel/Studio/7.0/Packs/atmel/XMEGAA_DFP/1.1.68/gcc/dev/atxmega128a3u/avrxmega6\libatxmega128a3u.a(eerd_byte.o)
 .debug_aranges
                0x00000938       0x20 C:/Program Files (x86)/Atmel/Studio/7.0/Packs/atmel/XMEGAA_DFP/1.1.68/gcc/dev/atxmega128a3u/avrxmega6\libatxmega128a3u.a(eeupd_byte.o)
 .debug_aranges
                0x00000958       0x20 C:/Program Files (x86)/Atmel/Studio/7.0/Packs/atmel/XMEGAA_DFP/1.1.68/gcc/dev/atxmega128a3u/avrxmega6\libatxmega128a3u.a(eewr_byte.o)

.debug_pubnames
 *(.debug_pubnames)

.debug_info     0x00000000    0x1b16b
 *(.debug_info .gnu.linkonce.wi.*)
 .debug_info    0x00000000     0x3409 C:/Program Files (x86)/Atmel/Studio/7.0/Packs/atmel/XMEGAA_DFP/1.1.68/gcc/dev/atxmega128a3u/avrxmega6/crtatxmega128a3u.o
 .debug_info    0x00003409      0xaaf src/xmega/drivers/adc/adc.o
 .debug_info    0x00003eb8      0xf42 src/xmega/drivers/adc/xmega_aau/adc_aau.o
 .debug_info    0x00004dfa       0x8d src/xmega/drivers/cpu/ccp.o
 .debug_info    0x00004e87       0x8d src/xmega/drivers/nvm/nvm_asm.o
 .debug_info    0x00004f14     0x20ed src/xmega/drivers/qdec/qdec.o
 .debug_info    0x00007001     0x19c8 src/xmega/drivers/tc/tc.o
 .debug_info    0x000089c9      0x8f7 src/xmega/drivers/twi/twim.o
 .debug_info    0x000092c0     0x1ddc src/xmega/drivers/usb/usb_device.o
 .debug_info    0x0000b09c      0xc76 src/asf/common/services/clock/xmega/sysclk.o
 .debug_info    0x0000bd12      0x121 src/asf/common/services/ioport/xmega/ioport_compat.o
 .debug_info    0x0000be33      0x129 src/asf/common/services/sleepmgr/xmega/sleepmgr.o
 .debug_info    0x0000bf5c      0x78a src/asf/common/services/usb/class/composite/device/udi_composite_desc.o
 .debug_info    0x0000c6e6      0x663 src/asf/common/services/usb/class/hid/device/generic/udi_hid_generic.o
 .debug_info    0x0000cd49      0x475 src/asf/common/services/usb/class/hid/device/joystick/udi_hid_joystick2.o
 .debug_info    0x0000d1be      0x7c0 src/asf/common/services/usb/class/hid/device/kbd/udi_hid_kbd.o
 .debug_info    0x0000d97e      0x6b3 src/asf/common/services/usb/class/hid/device/mouse/udi_hid_mouse.o
 .debug_info    0x0000e031      0x37a src/asf/common/services/usb/class/hid/device/udi_hid.o
 .debug_info    0x0000e3ab     0x1040 src/asf/common/services/usb/udc/udc.o
 .debug_info    0x0000f3eb      0x2e1 src/MMA8453_Driver.o
 .debug_info    0x0000f6cc     0x22fb src/I2C.o
 .debug_info    0x000119c7      0x471 src/asf/common/services/usb/class/hid/device/joystick/udi_hid_joystick.o
 .debug_info    0x00011e38     0x122f src/HowlerInit.o
 .debug_info    0x00013067      0x898 src/LEDDriver.o
 .debug_info    0x000138ff     0x764f src/main.o
 .debug_info    0x0001af4e       0xb4 C:/Program Files (x86)/Atmel/Studio/7.0/Packs/atmel/XMEGAA_DFP/1.1.68/gcc/dev/atxmega128a3u/avrxmega6\libatxmega128a3u.a(eerd_byte.o)
 .debug_info    0x0001b002       0xb5 C:/Program Files (x86)/Atmel/Studio/7.0/Packs/atmel/XMEGAA_DFP/1.1.68/gcc/dev/atxmega128a3u/avrxmega6\libatxmega128a3u.a(eeupd_byte.o)
 .debug_info    0x0001b0b7       0xb4 C:/Program Files (x86)/Atmel/Studio/7.0/Packs/atmel/XMEGAA_DFP/1.1.68/gcc/dev/atxmega128a3u/avrxmega6\libatxmega128a3u.a(eewr_byte.o)

.debug_abbrev   0x00000000     0x675b
 *(.debug_abbrev)
 .debug_abbrev  0x00000000     0x3148 C:/Program Files (x86)/Atmel/Studio/7.0/Packs/atmel/XMEGAA_DFP/1.1.68/gcc/dev/atxmega128a3u/avrxmega6/crtatxmega128a3u.o
 .debug_abbrev  0x00003148      0x2c7 src/xmega/drivers/adc/adc.o
 .debug_abbrev  0x0000340f      0x34a src/xmega/drivers/adc/xmega_aau/adc_aau.o
 .debug_abbrev  0x00003759       0x14 src/xmega/drivers/cpu/ccp.o
 .debug_abbrev  0x0000376d       0x12 src/xmega/drivers/nvm/nvm_asm.o
 .debug_abbrev  0x0000377f      0x35e src/xmega/drivers/qdec/qdec.o
 .debug_abbrev  0x00003add      0x290 src/xmega/drivers/tc/tc.o
 .debug_abbrev  0x00003d6d      0x2d1 src/xmega/drivers/twi/twim.o
 .debug_abbrev  0x0000403e      0x585 src/xmega/drivers/usb/usb_device.o
 .debug_abbrev  0x000045c3      0x26e src/asf/common/services/clock/xmega/sysclk.o
 .debug_abbrev  0x00004831       0x95 src/asf/common/services/ioport/xmega/ioport_compat.o
 .debug_abbrev  0x000048c6       0x84 src/asf/common/services/sleepmgr/xmega/sleepmgr.o
 .debug_abbrev  0x0000494a       0xf1 src/asf/common/services/usb/class/composite/device/udi_composite_desc.o
 .debug_abbrev  0x00004a3b      0x2e0 src/asf/common/services/usb/class/hid/device/generic/udi_hid_generic.o
 .debug_abbrev  0x00004d1b      0x264 src/asf/common/services/usb/class/hid/device/joystick/udi_hid_joystick2.o
 .debug_abbrev  0x00004f7f      0x30e src/asf/common/services/usb/class/hid/device/kbd/udi_hid_kbd.o
 .debug_abbrev  0x0000528d      0x293 src/asf/common/services/usb/class/hid/device/mouse/udi_hid_mouse.o
 .debug_abbrev  0x00005520      0x17f src/asf/common/services/usb/class/hid/device/udi_hid.o
 .debug_abbrev  0x0000569f      0x34b src/asf/common/services/usb/udc/udc.o
 .debug_abbrev  0x000059ea      0x12d src/MMA8453_Driver.o
 .debug_abbrev  0x00005b17      0x2d4 src/I2C.o
 .debug_abbrev  0x00005deb      0x24a src/asf/common/services/usb/class/hid/device/joystick/udi_hid_joystick.o
 .debug_abbrev  0x00006035      0x17a src/HowlerInit.o
 .debug_abbrev  0x000061af      0x115 src/LEDDriver.o
 .debug_abbrev  0x000062c4      0x45b src/main.o
 .debug_abbrev  0x0000671f       0x14 C:/Program Files (x86)/Atmel/Studio/7.0/Packs/atmel/XMEGAA_DFP/1.1.68/gcc/dev/atxmega128a3u/avrxmega6\libatxmega128a3u.a(eerd_byte.o)
 .debug_abbrev  0x00006733       0x14 C:/Program Files (x86)/Atmel/Studio/7.0/Packs/atmel/XMEGAA_DFP/1.1.68/gcc/dev/atxmega128a3u/avrxmega6\libatxmega128a3u.a(eeupd_byte.o)
 .debug_abbrev  0x00006747       0x14 C:/Program Files (x86)/Atmel/Studio/7.0/Packs/atmel/XMEGAA_DFP/1.1.68/gcc/dev/atxmega128a3u/avrxmega6\libatxmega128a3u.a(eewr_byte.o)

.debug_line     0x00000000     0xf920
 *(.debug_line .debug_line.* .debug_line_end)
 .debug_line    0x00000000      0x39d C:/Program Files (x86)/Atmel/Studio/7.0/Packs/atmel/XMEGAA_DFP/1.1.68/gcc/dev/atxmega128a3u/avrxmega6/crtatxmega128a3u.o
 .debug_line    0x0000039d      0x79f src/xmega/drivers/adc/adc.o
 .debug_line    0x00000b3c      0x954 src/xmega/drivers/adc/xmega_aau/adc_aau.o
 .debug_line    0x00001490       0x6a src/xmega/drivers/cpu/ccp.o
 .debug_line    0x000014fa      0x11b src/xmega/drivers/nvm/nvm_asm.o
 .debug_line    0x00001615      0xab8 src/xmega/drivers/qdec/qdec.o
 .debug_line    0x000020cd      0xe9d src/xmega/drivers/tc/tc.o
 .debug_line    0x00002f6a      0x61b src/xmega/drivers/twi/twim.o
 .debug_line    0x00003585     0x1511 src/xmega/drivers/usb/usb_device.o
 .debug_line    0x00004a96      0x73a src/asf/common/services/clock/xmega/sysclk.o
 .debug_line    0x000051d0      0x4b3 src/asf/common/services/ioport/xmega/ioport_compat.o
 .debug_line    0x00005683      0x456 src/asf/common/services/sleepmgr/xmega/sleepmgr.o
 .debug_line    0x00005ad9      0x606 src/asf/common/services/usb/class/composite/device/udi_composite_desc.o
 .debug_line    0x000060df      0x7b3 src/asf/common/services/usb/class/hid/device/generic/udi_hid_generic.o
 .debug_line    0x00006892      0x763 src/asf/common/services/usb/class/hid/device/joystick/udi_hid_joystick2.o
 .debug_line    0x00006ff5      0x96b src/asf/common/services/usb/class/hid/device/kbd/udi_hid_kbd.o
 .debug_line    0x00007960      0x872 src/asf/common/services/usb/class/hid/device/mouse/udi_hid_mouse.o
 .debug_line    0x000081d2      0x6e9 src/asf/common/services/usb/class/hid/device/udi_hid.o
 .debug_line    0x000088bb      0xaea src/asf/common/services/usb/udc/udc.o
 .debug_line    0x000093a5      0xb8f src/MMA8453_Driver.o
 .debug_line    0x00009f34      0xc00 src/I2C.o
 .debug_line    0x0000ab34      0x762 src/asf/common/services/usb/class/hid/device/joystick/udi_hid_joystick.o
 .debug_line    0x0000b296      0xae8 src/HowlerInit.o
 .debug_line    0x0000bd7e      0xd0c src/LEDDriver.o
 .debug_line    0x0000ca8a     0x2c52 src/main.o
 .debug_line    0x0000f6dc       0xa9 C:/Program Files (x86)/Atmel/Studio/7.0/Packs/atmel/XMEGAA_DFP/1.1.68/gcc/dev/atxmega128a3u/avrxmega6\libatxmega128a3u.a(eerd_byte.o)
 .debug_line    0x0000f785       0x80 C:/Program Files (x86)/Atmel/Studio/7.0/Packs/atmel/XMEGAA_DFP/1.1.68/gcc/dev/atxmega128a3u/avrxmega6\libatxmega128a3u.a(eeupd_byte.o)
 .debug_line    0x0000f805      0x11b C:/Program Files (x86)/Atmel/Studio/7.0/Packs/atmel/XMEGAA_DFP/1.1.68/gcc/dev/atxmega128a3u/avrxmega6\libatxmega128a3u.a(eewr_byte.o)

.debug_frame    0x00000000     0x22f4
 *(.debug_frame)
 .debug_frame   0x00000000       0x8c src/xmega/drivers/adc/adc.o
 .debug_frame   0x0000008c      0x3a4 src/xmega/drivers/adc/xmega_aau/adc_aau.o
 .debug_frame   0x00000430      0x188 src/xmega/drivers/qdec/qdec.o
 .debug_frame   0x000005b8      0xd04 src/xmega/drivers/tc/tc.o
 .debug_frame   0x000012bc      0x10c src/xmega/drivers/twi/twim.o
 .debug_frame   0x000013c8      0x3d4 src/xmega/drivers/usb/usb_device.o
 .debug_frame   0x0000179c       0x80 src/asf/common/services/clock/xmega/sysclk.o
 .debug_frame   0x0000181c       0x30 src/asf/common/services/ioport/xmega/ioport_compat.o
 .debug_frame   0x0000184c       0xd0 src/asf/common/services/usb/class/hid/device/generic/udi_hid_generic.o
 .debug_frame   0x0000191c       0xa8 src/asf/common/services/usb/class/hid/device/joystick/udi_hid_joystick2.o
 .debug_frame   0x000019c4      0x100 src/asf/common/services/usb/class/hid/device/kbd/udi_hid_kbd.o
 .debug_frame   0x00001ac4      0x118 src/asf/common/services/usb/class/hid/device/mouse/udi_hid_mouse.o
 .debug_frame   0x00001bdc       0x30 src/asf/common/services/usb/class/hid/device/udi_hid.o
 .debug_frame   0x00001c0c      0x114 src/asf/common/services/usb/udc/udc.o
 .debug_frame   0x00001d20       0x70 src/MMA8453_Driver.o
 .debug_frame   0x00001d90       0xc0 src/I2C.o
 .debug_frame   0x00001e50       0xa8 src/asf/common/services/usb/class/hid/device/joystick/udi_hid_joystick.o
 .debug_frame   0x00001ef8       0x24 src/HowlerInit.o
 .debug_frame   0x00001f1c       0xf0 src/LEDDriver.o
 .debug_frame   0x0000200c      0x2e8 src/main.o

.debug_str      0x00000000    0x3dedb
 *(.debug_str)
 .debug_str     0x00000000     0x223b C:/Program Files (x86)/Atmel/Studio/7.0/Packs/atmel/XMEGAA_DFP/1.1.68/gcc/dev/atxmega128a3u/avrxmega6/crtatxmega128a3u.o
 .debug_str     0x0000223b    0x27a67 src/xmega/drivers/adc/adc.o
                              0x280a2 (size before relaxing)
 .debug_str     0x00029ca2      0x5a9 src/xmega/drivers/adc/xmega_aau/adc_aau.o
                              0x28326 (size before relaxing)
 .debug_str     0x0002a24b     0x1a45 src/xmega/drivers/qdec/qdec.o
                              0x29318 (size before relaxing)
 .debug_str     0x0002bc90      0x673 src/xmega/drivers/tc/tc.o
                              0x281bd (size before relaxing)
 .debug_str     0x0002c303      0x4fa src/xmega/drivers/twi/twim.o
                              0x25bcb (size before relaxing)
 .debug_str     0x0002c7fd     0x742d src/xmega/drivers/usb/usb_device.o
                              0x2f21f (size before relaxing)
 .debug_str     0x00033c2a      0x2bb src/asf/common/services/clock/xmega/sysclk.o
                              0x27cc8 (size before relaxing)
 .debug_str     0x00033ee5      0x683 src/asf/common/services/ioport/xmega/ioport_compat.o
                              0x25c2b (size before relaxing)
 .debug_str     0x00034568       0x35 src/asf/common/services/sleepmgr/xmega/sleepmgr.o
                              0x25974 (size before relaxing)
 .debug_str     0x0003459d      0x531 src/asf/common/services/usb/class/composite/device/udi_composite_desc.o
                              0x29678 (size before relaxing)
 .debug_str     0x00034ace      0x312 src/asf/common/services/usb/class/hid/device/generic/udi_hid_generic.o
                              0x29673 (size before relaxing)
 .debug_str     0x00034de0      0x23b src/asf/common/services/usb/class/hid/device/joystick/udi_hid_joystick2.o
                              0x29539 (size before relaxing)
 .debug_str     0x0003501b      0x24c src/asf/common/services/usb/class/hid/device/kbd/udi_hid_kbd.o
                              0x2963b (size before relaxing)
 .debug_str     0x00035267      0x2ad src/asf/common/services/usb/class/hid/device/mouse/udi_hid_mouse.o
                              0x295b6 (size before relaxing)
 .debug_str     0x00035514      0x220 src/asf/common/services/usb/class/hid/device/udi_hid.o
                              0x2941f (size before relaxing)
 .debug_str     0x00035734      0x615 src/asf/common/services/usb/udc/udc.o
                              0x29c41 (size before relaxing)
 .debug_str     0x00035d49     0x6096 src/MMA8453_Driver.o
                              0x31dae (size before relaxing)
 .debug_str     0x0003bddf      0x35e src/I2C.o
                              0x3245c (size before relaxing)
 .debug_str     0x0003c13d      0x222 src/asf/common/services/usb/class/hid/device/joystick/udi_hid_joystick.o
                              0x29526 (size before relaxing)
 .debug_str     0x0003c35f      0x1e3 src/HowlerInit.o
                              0x31c6b (size before relaxing)
 .debug_str     0x0003c542      0xf5a src/LEDDriver.o
                              0x3281e (size before relaxing)
 .debug_str     0x0003d49c      0xa3f src/main.o
                              0x34a46 (size before relaxing)

.debug_loc      0x00000000     0x89e3
 *(.debug_loc)
 .debug_loc     0x00000000      0x264 src/xmega/drivers/adc/adc.o
 .debug_loc     0x00000264      0xcdc src/xmega/drivers/adc/xmega_aau/adc_aau.o
 .debug_loc     0x00000f40      0x891 src/xmega/drivers/qdec/qdec.o
 .debug_loc     0x000017d1     0x1ddc src/xmega/drivers/tc/tc.o
 .debug_loc     0x000035ad      0x477 src/xmega/drivers/twi/twim.o
 .debug_loc     0x00003a24      0xf3f src/xmega/drivers/usb/usb_device.o
 .debug_loc     0x00004963      0x3c2 src/asf/common/services/clock/xmega/sysclk.o
 .debug_loc     0x00004d25       0x66 src/asf/common/services/ioport/xmega/ioport_compat.o
 .debug_loc     0x00004d8b      0x147 src/asf/common/services/usb/class/hid/device/generic/udi_hid_generic.o
 .debug_loc     0x00004ed2       0xf7 src/asf/common/services/usb/class/hid/device/joystick/udi_hid_joystick2.o
 .debug_loc     0x00004fc9      0x329 src/asf/common/services/usb/class/hid/device/kbd/udi_hid_kbd.o
 .debug_loc     0x000052f2      0x2d6 src/asf/common/services/usb/class/hid/device/mouse/udi_hid_mouse.o
 .debug_loc     0x000055c8      0x340 src/asf/common/services/usb/class/hid/device/udi_hid.o
 .debug_loc     0x00005908      0x4e2 src/asf/common/services/usb/udc/udc.o
 .debug_loc     0x00005dea      0x133 src/MMA8453_Driver.o
 .debug_loc     0x00005f1d      0x4b1 src/I2C.o
 .debug_loc     0x000063ce       0xf7 src/asf/common/services/usb/class/hid/device/joystick/udi_hid_joystick.o
 .debug_loc     0x000064c5      0x76d src/HowlerInit.o
 .debug_loc     0x00006c32      0x452 src/LEDDriver.o
 .debug_loc     0x00007084     0x195f src/main.o

.debug_macinfo
 *(.debug_macinfo)

.debug_weaknames
 *(.debug_weaknames)

.debug_funcnames
 *(.debug_funcnames)

.debug_typenames
 *(.debug_typenames)

.debug_varnames
 *(.debug_varnames)

.debug_pubtypes
 *(.debug_pubtypes)

.debug_ranges   0x00000000      0x868
 *(.debug_ranges)
 .debug_ranges  0x00000000       0x38 src/xmega/drivers/adc/adc.o
 .debug_ranges  0x00000038       0x68 src/xmega/drivers/adc/xmega_aau/adc_aau.o
 .debug_ranges  0x000000a0       0x20 src/xmega/drivers/nvm/nvm_asm.o
 .debug_ranges  0x000000c0       0xa8 src/xmega/drivers/qdec/qdec.o
 .debug_ranges  0x00000168      0x168 src/xmega/drivers/tc/tc.o
 .debug_ranges  0x000002d0       0x60 src/xmega/drivers/twi/twim.o
 .debug_ranges  0x00000330      0x140 src/xmega/drivers/usb/usb_device.o
 .debug_ranges  0x00000470       0x30 src/asf/common/services/clock/xmega/sysclk.o
 .debug_ranges  0x000004a0       0x10 src/asf/common/services/ioport/xmega/ioport_compat.o
 .debug_ranges  0x000004b0       0x58 src/asf/common/services/usb/class/hid/device/generic/udi_hid_generic.o
 .debug_ranges  0x00000508       0x48 src/asf/common/services/usb/class/hid/device/joystick/udi_hid_joystick2.o
 .debug_ranges  0x00000550       0x68 src/asf/common/services/usb/class/hid/device/kbd/udi_hid_kbd.o
 .debug_ranges  0x000005b8       0x80 src/asf/common/services/usb/class/hid/device/mouse/udi_hid_mouse.o
 .debug_ranges  0x00000638       0x28 src/asf/common/services/usb/class/hid/device/udi_hid.o
 .debug_ranges  0x00000660       0xb0 src/asf/common/services/usb/udc/udc.o
 .debug_ranges  0x00000710       0x20 src/MMA8453_Driver.o
 .debug_ranges  0x00000730       0x30 src/I2C.o
 .debug_ranges  0x00000760       0x48 src/asf/common/services/usb/class/hid/device/joystick/udi_hid_joystick.o
 .debug_ranges  0x000007a8       0x10 src/HowlerInit.o
 .debug_ranges  0x000007b8       0x38 src/LEDDriver.o
 .debug_ranges  0x000007f0       0x78 src/main.o

.debug_macro    0x00000000     0x6b4a
 *(.debug_macro)
 .debug_macro   0x00000000      0x22a src/xmega/drivers/adc/adc.o
 .debug_macro   0x0000022a       0x16 src/xmega/drivers/adc/adc.o
 .debug_macro   0x00000240       0x20 src/xmega/drivers/adc/adc.o
 .debug_macro   0x00000260       0x42 src/xmega/drivers/adc/adc.o
 .debug_macro   0x000002a2       0x10 src/xmega/drivers/adc/adc.o
 .debug_macro   0x000002b2       0x2e src/xmega/drivers/adc/adc.o
 .debug_macro   0x000002e0      0x186 src/xmega/drivers/adc/adc.o
 .debug_macro   0x00000466       0x7b src/xmega/drivers/adc/adc.o
 .debug_macro   0x000004e1       0x2f src/xmega/drivers/adc/adc.o
 .debug_macro   0x00000510      0x154 src/xmega/drivers/adc/adc.o
 .debug_macro   0x00000664       0xa9 src/xmega/drivers/adc/adc.o
 .debug_macro   0x0000070d      0x22a src/xmega/drivers/adc/xmega_aau/adc_aau.o
 .debug_macro   0x00000937      0x284 src/xmega/drivers/qdec/qdec.o
 .debug_macro   0x00000bbb       0x12 src/xmega/drivers/qdec/qdec.o
 .debug_macro   0x00000bcd      0x220 src/xmega/drivers/tc/tc.o
 .debug_macro   0x00000ded      0x302 src/xmega/drivers/tc/tc.o
 .debug_macro   0x000010ef      0x194 src/xmega/drivers/twi/twim.o
 .debug_macro   0x00001283       0x16 src/xmega/drivers/twi/twim.o
 .debug_macro   0x00001299       0x10 src/xmega/drivers/twi/twim.o
 .debug_macro   0x000012a9      0x2f5 src/xmega/drivers/usb/usb_device.o
 .debug_macro   0x0000159e      0x13e src/xmega/drivers/usb/usb_device.o
 .debug_macro   0x000016dc      0x233 src/xmega/drivers/usb/usb_device.o
 .debug_macro   0x0000190f       0xbb src/xmega/drivers/usb/usb_device.o
 .debug_macro   0x000019ca      0x44f src/xmega/drivers/usb/usb_device.o
 .debug_macro   0x00001e19       0x16 src/xmega/drivers/usb/usb_device.o
 .debug_macro   0x00001e2f       0x10 src/xmega/drivers/usb/usb_device.o
 .debug_macro   0x00001e3f       0x2a src/xmega/drivers/usb/usb_device.o
 .debug_macro   0x00001e69       0x2a src/xmega/drivers/usb/usb_device.o
 .debug_macro   0x00001e93       0x1c src/xmega/drivers/usb/usb_device.o
 .debug_macro   0x00001eaf       0x2a src/xmega/drivers/usb/usb_device.o
 .debug_macro   0x00001ed9       0x1c src/xmega/drivers/usb/usb_device.o
 .debug_macro   0x00001ef5      0x467 src/xmega/drivers/usb/usb_device.o
 .debug_macro   0x0000235c      0x1d6 src/asf/common/services/clock/xmega/sysclk.o
 .debug_macro   0x00002532      0x18e src/asf/common/services/ioport/xmega/ioport_compat.o
 .debug_macro   0x000026c0      0x19e src/asf/common/services/sleepmgr/xmega/sleepmgr.o
 .debug_macro   0x0000285e      0x20f src/asf/common/services/usb/class/composite/device/udi_composite_desc.o
 .debug_macro   0x00002a6d      0x243 src/asf/common/services/usb/class/hid/device/generic/udi_hid_generic.o
 .debug_macro   0x00002cb0      0x249 src/asf/common/services/usb/class/hid/device/joystick/udi_hid_joystick2.o
 .debug_macro   0x00002ef9      0x249 src/asf/common/services/usb/class/hid/device/kbd/udi_hid_kbd.o
 .debug_macro   0x00003142      0x249 src/asf/common/services/usb/class/hid/device/mouse/udi_hid_mouse.o
 .debug_macro   0x0000338b      0x227 src/asf/common/services/usb/class/hid/device/udi_hid.o
 .debug_macro   0x000035b2      0x22c src/asf/common/services/usb/udc/udc.o
 .debug_macro   0x000037de      0x3d6 src/MMA8453_Driver.o
 .debug_macro   0x00003bb4       0x34 src/MMA8453_Driver.o
 .debug_macro   0x00003be8       0x40 src/MMA8453_Driver.o
 .debug_macro   0x00003c28      0x2c2 src/MMA8453_Driver.o
 .debug_macro   0x00003eea       0x18 src/MMA8453_Driver.o
 .debug_macro   0x00003f02       0x28 src/MMA8453_Driver.o
 .debug_macro   0x00003f2a      0x144 src/MMA8453_Driver.o
 .debug_macro   0x0000406e       0x24 src/MMA8453_Driver.o
 .debug_macro   0x00004092       0x22 src/MMA8453_Driver.o
 .debug_macro   0x000040b4     0x12b9 src/MMA8453_Driver.o
 .debug_macro   0x0000536d       0x28 src/MMA8453_Driver.o
 .debug_macro   0x00005395      0x106 src/MMA8453_Driver.o
 .debug_macro   0x0000549b      0x3cd src/I2C.o
 .debug_macro   0x00005868      0x249 src/asf/common/services/usb/class/hid/device/joystick/udi_hid_joystick.o
 .debug_macro   0x00005ab1      0x3d1 src/HowlerInit.o
 .debug_macro   0x00005e82       0x33 src/HowlerInit.o
 .debug_macro   0x00005eb5       0x46 src/HowlerInit.o
 .debug_macro   0x00005efb      0x3d6 src/LEDDriver.o
 .debug_macro   0x000062d1      0x46b src/LEDDriver.o
 .debug_macro   0x0000673c      0x40e src/main.o
OUTPUT(HowlerController.elf elf32-avr)
LOAD linker stubs

.BOOT           0x00040000        0x0
